Component: ARM Compiler 5.06 update 6 (build 750) Tool: armlink [4d35ed]

==============================================================================

Section Cross References

    startup_stm32f103xe.o(RESET) refers to startup_stm32f103xe.o(STACK) for __initial_sp
    startup_stm32f103xe.o(RESET) refers to startup_stm32f103xe.o(.text) for Reset_Handler
    startup_stm32f103xe.o(RESET) refers to stm32f1xx_it.o(i.NMI_Handler) for NMI_Handler
    startup_stm32f103xe.o(RESET) refers to stm32f1xx_it.o(i.HardFault_Handler) for HardFault_Handler
    startup_stm32f103xe.o(RESET) refers to stm32f1xx_it.o(i.MemManage_Handler) for MemManage_Handler
    startup_stm32f103xe.o(RESET) refers to stm32f1xx_it.o(i.BusFault_Handler) for BusFault_Handler
    startup_stm32f103xe.o(RESET) refers to stm32f1xx_it.o(i.UsageFault_Handler) for UsageFault_Handler
    startup_stm32f103xe.o(RESET) refers to stm32f1xx_it.o(i.SVC_Handler) for SVC_Handler
    startup_stm32f103xe.o(RESET) refers to stm32f1xx_it.o(i.DebugMon_Handler) for DebugMon_Handler
    startup_stm32f103xe.o(RESET) refers to stm32f1xx_it.o(i.PendSV_Handler) for PendSV_Handler
    startup_stm32f103xe.o(RESET) refers to stm32f1xx_it.o(i.SysTick_Handler) for SysTick_Handler
    startup_stm32f103xe.o(RESET) refers to stm32f1xx_it.o(i.EXTI9_5_IRQHandler) for EXTI9_5_IRQHandler
    startup_stm32f103xe.o(RESET) refers to stm32f1xx_it.o(i.TIM2_IRQHandler) for TIM2_IRQHandler
    startup_stm32f103xe.o(RESET) refers to stm32f1xx_it.o(i.TIM4_IRQHandler) for TIM4_IRQHandler
    startup_stm32f103xe.o(RESET) refers to stm32f1xx_it.o(i.I2C2_EV_IRQHandler) for I2C2_EV_IRQHandler
    startup_stm32f103xe.o(RESET) refers to stm32f1xx_it.o(i.EXTI15_10_IRQHandler) for EXTI15_10_IRQHandler
    startup_stm32f103xe.o(.text) refers to system_stm32f1xx.o(i.SystemInit) for SystemInit
    startup_stm32f103xe.o(.text) refers to entry.o(.ARM.Collect$$$$00000000) for __main
    text_lcd.o(i.LCD_Clear) refers to text_lcd.o(i.LCD_SendCommand) for LCD_SendCommand
    text_lcd.o(i.LCD_Enable) refers to stm32f1xx_hal_gpio.o(i.HAL_GPIO_WritePin) for HAL_GPIO_WritePin
    text_lcd.o(i.LCD_Enable) refers to stm32f1xx_hal.o(i.HAL_Delay) for HAL_Delay
    text_lcd.o(i.LCD_Gotoxy) refers to text_lcd.o(i.LCD_SendCommand) for LCD_SendCommand
    text_lcd.o(i.LCD_Init) refers to text_lcd.o(i.LCD_Send4Bit) for LCD_Send4Bit
    text_lcd.o(i.LCD_Init) refers to stm32f1xx_hal_gpio.o(i.HAL_GPIO_WritePin) for HAL_GPIO_WritePin
    text_lcd.o(i.LCD_Init) refers to text_lcd.o(i.LCD_Enable) for LCD_Enable
    text_lcd.o(i.LCD_Init) refers to text_lcd.o(i.LCD_SendCommand) for LCD_SendCommand
    text_lcd.o(i.LCD_PutChar) refers to stm32f1xx_hal_gpio.o(i.HAL_GPIO_WritePin) for HAL_GPIO_WritePin
    text_lcd.o(i.LCD_PutChar) refers to text_lcd.o(i.LCD_SendCommand) for LCD_SendCommand
    text_lcd.o(i.LCD_Puts) refers to text_lcd.o(i.LCD_PutChar) for LCD_PutChar
    text_lcd.o(i.LCD_Send4Bit) refers to stm32f1xx_hal_gpio.o(i.HAL_GPIO_WritePin) for HAL_GPIO_WritePin
    text_lcd.o(i.LCD_SendCommand) refers to text_lcd.o(i.LCD_Send4Bit) for LCD_Send4Bit
    text_lcd.o(i.LCD_SendCommand) refers to text_lcd.o(i.LCD_Enable) for LCD_Enable
    delay_us.o(i.delay_us) refers to tim.o(.bss) for htim1
    ds18b20.o(i.DS18B20_Read1) refers to ds18b20.o(i.Set_Pin_Input) for Set_Pin_Input
    ds18b20.o(i.DS18B20_Read1) refers to ds18b20.o(i.Set_Pin_Output) for Set_Pin_Output
    ds18b20.o(i.DS18B20_Read1) refers to stm32f1xx_hal_gpio.o(i.HAL_GPIO_WritePin) for HAL_GPIO_WritePin
    ds18b20.o(i.DS18B20_Read1) refers to delay_us.o(i.delay_us) for delay_us
    ds18b20.o(i.DS18B20_Read1) refers to stm32f1xx_hal_gpio.o(i.HAL_GPIO_ReadPin) for HAL_GPIO_ReadPin
    ds18b20.o(i.DS18B20_Start1) refers to ds18b20.o(i.Set_Pin_Output) for Set_Pin_Output
    ds18b20.o(i.DS18B20_Start1) refers to stm32f1xx_hal_gpio.o(i.HAL_GPIO_WritePin) for HAL_GPIO_WritePin
    ds18b20.o(i.DS18B20_Start1) refers to delay_us.o(i.delay_us) for delay_us
    ds18b20.o(i.DS18B20_Start1) refers to ds18b20.o(i.Set_Pin_Input) for Set_Pin_Input
    ds18b20.o(i.DS18B20_Start1) refers to stm32f1xx_hal_gpio.o(i.HAL_GPIO_ReadPin) for HAL_GPIO_ReadPin
    ds18b20.o(i.DS18B20_Write1) refers to ds18b20.o(i.Set_Pin_Output) for Set_Pin_Output
    ds18b20.o(i.DS18B20_Write1) refers to stm32f1xx_hal_gpio.o(i.HAL_GPIO_WritePin) for HAL_GPIO_WritePin
    ds18b20.o(i.DS18B20_Write1) refers to delay_us.o(i.delay_us) for delay_us
    ds18b20.o(i.DS18B20_Write1) refers to ds18b20.o(i.Set_Pin_Input) for Set_Pin_Input
    ds18b20.o(i.Set_Pin_Input) refers to stm32f1xx_hal_gpio.o(i.HAL_GPIO_Init) for HAL_GPIO_Init
    ds18b20.o(i.Set_Pin_Output) refers to stm32f1xx_hal_gpio.o(i.HAL_GPIO_Init) for HAL_GPIO_Init
    ds18b20.o(i.read_temp) refers to ds18b20.o(i.DS18B20_Start1) for DS18B20_Start1
    ds18b20.o(i.read_temp) refers to stm32f1xx_hal.o(i.HAL_Delay) for HAL_Delay
    ds18b20.o(i.read_temp) refers to ds18b20.o(i.DS18B20_Write1) for DS18B20_Write1
[...]
    ../clib/microlib/init/entry.s            0x00000000   Number         0  entry9a.o ABSOLUTE
    ../clib/microlib/init/entry.s            0x00000000   Number         0  entry8b.o ABSOLUTE
    ../clib/microlib/init/entry.s            0x00000000   Number         0  entry.o ABSOLUTE
    ../clib/microlib/init/entry.s            0x00000000   Number         0  entry7a.o ABSOLUTE
    ../clib/microlib/init/entry.s            0x00000000   Number         0  entry8a.o ABSOLUTE
    ../clib/microlib/init/entry.s            0x00000000   Number         0  entry5.o ABSOLUTE
    ../clib/microlib/init/entry.s            0x00000000   Number         0  entry2.o ABSOLUTE
    ../clib/microlib/longlong.c              0x00000000   Number         0  llushr.o ABSOLUTE
    ../clib/microlib/longlong.c              0x00000000   Number         0  llsshr.o ABSOLUTE
    ../clib/microlib/longlong.c              0x00000000   Number         0  llshl.o ABSOLUTE
    ../clib/microlib/printf/printf.c         0x00000000   Number         0  printf3.o ABSOLUTE
    ../clib/microlib/printf/printf.c         0x00000000   Number         0  printf0.o ABSOLUTE
    ../clib/microlib/printf/printf.c         0x00000000   Number         0  printfb.o ABSOLUTE
    ../clib/microlib/printf/printf.c         0x00000000   Number         0  printf2.o ABSOLUTE
    ../clib/microlib/printf/printf.c         0x00000000   Number         0  printf1.o ABSOLUTE
    ../clib/microlib/printf/printf.c         0x00000000   Number         0  printf4.o ABSOLUTE
    ../clib/microlib/printf/printf.c         0x00000000   Number         0  printf5.o ABSOLUTE
    ../clib/microlib/printf/printf.c         0x00000000   Number         0  printf6.o ABSOLUTE
    ../clib/microlib/printf/printf.c         0x00000000   Number         0  printf7.o ABSOLUTE
    ../clib/microlib/printf/printf.c         0x00000000   Number         0  printf8.o ABSOLUTE
    ../clib/microlib/printf/printf.c         0x00000000   Number         0  printfa.o ABSOLUTE
    ../clib/microlib/printf/stubs.s          0x00000000   Number         0  stubs.o ABSOLUTE
    ../clib/microlib/stdio/fputc.c           0x00000000   Number         0  fputc.o ABSOLUTE
    ../clib/microlib/stdio/semi.s            0x00000000   Number         0  semi.o ABSOLUTE
    ../clib/microlib/stdio/streams.c         0x00000000   Number         0  stdout.o ABSOLUTE
    ../clib/microlib/string/memset.c         0x00000000   Number         0  memseta.o ABSOLUTE
    ../clib/microlib/stubs.s                 0x00000000   Number         0  iusesemip.o ABSOLUTE
    ../clib/microlib/stubs.s                 0x00000000   Number         0  iusefp.o ABSOLUTE
    ../fplib/microlib/d2f.c                  0x00000000   Number         0  d2f.o ABSOLUTE
    ../fplib/microlib/f2d.c                  0x00000000   Number         0  f2d.o ABSOLUTE
    ../fplib/microlib/fpadd.c                0x00000000   Number         0  dadd.o ABSOLUTE
    ../fplib/microlib/fpadd.c                0x00000000   Number         0  fadd.o ABSOLUTE
    ../fplib/microlib/fpdiv.c                0x00000000   Number         0  ddiv.o ABSOLUTE
    ../fplib/microlib/fpdiv.c                0x00000000   Number         0  fdiv.o ABSOLUTE
    ../fplib/microlib/fpepilogue.c           0x00000000   Number         0  depilogue.o ABSOLUTE
    ../fplib/microlib/fpepilogue.c           0x00000000   Number         0  fepilogue.o ABSOLUTE
    ../fplib/microlib/fpfix.c                0x00000000   Number         0  ffixui.o ABSOLUTE
    ../fplib/microlib/fpfix.c                0x00000000   Number         0  dfixul.o ABSOLUTE
    ../fplib/microlib/fpflt.c                0x00000000   Number         0  ffltui.o ABSOLUTE
    ../fplib/microlib/fpflt.c                0x00000000   Number         0  dfltui.o ABSOLUTE
    ../fplib/microlib/fpmul.c                0x00000000   Number         0  dmul.o ABSOLUTE
    ../fplib/microlib/fpscalb.c              0x00000000   Number         0  fscalb.o ABSOLUTE
    ..\Drivers\STM32F1xx_HAL_Driver\Src\stm32f1xx_hal.c 0x00000000   Number         0  stm32f1xx_hal.o ABSOLUTE
    ..\Drivers\STM32F1xx_HAL_Driver\Src\stm32f1xx_hal_cortex.c 0x00000000   Number         0  stm32f1xx_hal_cortex.o ABSOLUTE
    ..\Drivers\STM32F1xx_HAL_Driver\Src\stm32f1xx_hal_dac.c 0x00000000   Number         0  stm32f1xx_hal_dac.o ABSOLUTE
    ..\Drivers\STM32F1xx_HAL_Driver\Src\stm32f1xx_hal_dac_ex.c 0x00000000   Number         0  stm32f1xx_hal_dac_ex.o ABSOLUTE
    ..\Drivers\STM32F1xx_HAL_Driver\Src\stm32f1xx_hal_dma.c 0x00000000   Number         0  stm32f1xx_hal_dma.o ABSOLUTE
    ..\Drivers\STM32F1xx_HAL_Driver\Src\stm32f1xx_hal_flash.c 0x00000000   Number         0  stm32f1xx_hal_flash.o ABSOLUTE
    ..\Drivers\STM32F1xx_HAL_Driver\Src\stm32f1xx_hal_flash_ex.c 0x00000000   Number         0  stm32f1xx_hal_flash_ex.o ABSOLUTE
    ..\Drivers\STM32F1xx_HAL_Driver\Src\stm32f1xx_hal_gpio.c 0x00000000   Number         0  stm32f1xx_hal_gpio.o ABSOLUTE
    ..\Drivers\STM32F1xx_HAL_Driver\Src\stm32f1xx_hal_gpio_ex.c 0x00000000   Number         0  stm32f1xx_hal_gpio_ex.o ABSOLUTE
    ..\Drivers\STM32F1xx_HAL_Driver\Src\stm32f1xx_hal_i2c.c 0x00000000   Number         0  stm32f1xx_hal_i2c.o ABSOLUTE
    ..\Drivers\STM32F1xx_HAL_Driver\Src\stm32f1xx_hal_pwr.c 0x00000000   Number         0  stm32f1xx_hal_pwr.o ABSOLUTE
    ..\Drivers\STM32F1xx_HAL_Driver\Src\stm32f1xx_hal_rcc.c 0x00000000   Number         0  stm32f1xx_hal_rcc.o ABSOLUTE
    ..\Drivers\STM32F1xx_HAL_Driver\Src\stm32f1xx_hal_rcc_ex.c 0x00000000   Number         0  stm32f1xx_hal_rcc_ex.o ABSOLUTE
    ..\Drivers\STM32F1xx_HAL_Driver\Src\stm32f1xx_hal_tim.c 0x00000000   Number         0  stm32f1xx_hal_tim.o ABSOLUTE
    ..\Drivers\STM32F1xx_HAL_Driver\Src\stm32f1xx_hal_tim_ex.c 0x00000000   Number         0  stm32f1xx_hal_tim_ex.o ABSOLUTE
    ..\Src\INA288.c                          0x00000000   Number         0  ina288.o ABSOLUTE
    ..\Src\TEXT_LCD.c                        0x00000000   Number         0  text_lcd.o ABSOLUTE
    ..\Src\dac.c                             0x00000000   Number         0  dac.o ABSOLUTE
    ..\Src\delay_us.c                        0x00000000   Number         0  delay_us.o ABSOLUTE
    ..\Src\ds18b20.c                         0x00000000   Number         0  ds18b20.o ABSOLUTE
    ..\Src\fan.c                             0x00000000   Number         0  fan.o ABSOLUTE
    ..\Src\gpio.c                            0x00000000   Number         0  gpio.o ABSOLUTE
    ..\Src\i2c.c                             0x00000000   Number         0  i2c.o ABSOLUTE
    ..\Src\main.c                            0x00000000   Number         0  main.o ABSOLUTE
    ..\Src\stm32f1xx_hal_msp.c               0x00000000   Number         0  stm32f1xx_hal_msp.o ABSOLUTE
    ..\Src\stm32f1xx_it.c                    0x00000000   Number         0  stm32f1xx_it.o ABSOLUTE
    ..\Src\system_stm32f1xx.c                0x00000000   Number         0  system_stm32f1xx.o ABSOLUTE
    ..\Src\tim.c                             0x00000000   Number         0  tim.o ABSOLUTE
    ..\\Src\\INA288.c                        0x00000000   Number         0  ina288.o ABSOLUTE
    ..\\Src\\TEXT_LCD.c                      0x00000000   Number         0  text_lcd.o ABSOLUTE
    ..\\Src\\delay_us.c                      0x00000000   Number         0  delay_us.o ABSOLUTE
    ..\\Src\\ds18b20.c                       0x00000000   Number         0  ds18b20.o ABSOLUTE
    ..\\Src\\fan.c                           0x00000000   Number         0  fan.o ABSOLUTE
    cdcmple.s                                0x00000000   Number         0  cdcmple.o ABSOLUTE
    cdrcmple.s                               0x00000000   Number         0  cdrcmple.o ABSOLUTE
    dc.s                                     0x00000000   Number         0  dc.o ABSOLUTE
    handlers.s                               0x00000000   Number         0  handlers.o ABSOLUTE
    init.s                                   0x00000000   Number         0  init.o ABSOLUTE
    startup_stm32f103xe.s                    0x00000000   Number         0  startup_stm32f103xe.o ABSOLUTE
    RESET                                    0x08000000   Section      304  startup_stm32f103xe.o(RESET)
    .ARM.Collect$$$$00000000                 0x08000130   Section        0  entry.o(.ARM.Collect$$$$00000000)
    .ARM.Collect$$$$00000001                 0x08000130   Section        4  entry2.o(.ARM.Collect$$$$00000001)
    .ARM.Collect$$$$00000004                 0x08000134   Section        4  entry5.o(.ARM.Collect$$$$00000004)
    .ARM.Collect$$$$00000008                 0x08000138   Section        0  entry7b.o(.ARM.Collect$$$$00000008)
    .ARM.Collect$$$$0000000A                 0x08000138   Section        0  entry8b.o(.ARM.Collect$$$$0000000A)
    .ARM.Collect$$$$0000000B                 0x08000138   Section        8  entry9a.o(.ARM.Collect$$$$0000000B)
    .ARM.Collect$$$$0000000D                 0x08000140   Section        0  entry10a.o(.ARM.Collect$$$$0000000D)
    .ARM.Collect$$$$0000000F                 0x08000140   Section        0  entry11a.o(.ARM.Collect$$$$0000000F)
    .ARM.Collect$$$$00002712                 0x08000140   Section        4  entry2.o(.ARM.Collect$$$$00002712)
    __lit__00000000                          0x08000140   Data           4  entry2.o(.ARM.Collect$$$$00002712)
    .text                                    0x08000144   Section       36  startup_stm32f103xe.o(.text)
    .text                                    0x08000168   Section        0  llushr.o(.text)
    .text                                    0x08000188   Section        0  memseta.o(.text)
    .text                                    0x080001ac   Section        0  fadd.o(.text)
    .text                                    0x0800025c   Section        0  fdiv.o(.text)
    .text                                    0x080002d8   Section        0  fscalb.o(.text)
    .text                                    0x080002f0   Section        0  dadd.o(.text)
    .text                                    0x0800043e   Section        0  dmul.o(.text)
    .text                                    0x08000522   Section        0  ddiv.o(.text)
    .text                                    0x08000600   Section        0  ffltui.o(.text)
    .text                                    0x0800060a   Section        0  dfltui.o(.text)
    .text                                    0x08000624   Section        0  ffixui.o(.text)
    .text                                    0x0800064c   Section        0  f2d.o(.text)
    .text                                    0x08000674   Section       48  cdcmple.o(.text)
    .text                                    0x080006a4   Section        0  d2f.o(.text)
    .text                                    0x080006dc   Section        0  uidiv.o(.text)
    .text                                    0x08000708   Section        0  uldiv.o(.text)
    .text                                    0x0800076a   Section        0  llshl.o(.text)
    .text                                    0x08000788   Section        0  llsshr.o(.text)
    .text                                    0x080007ac   Section        0  iusefp.o(.text)
    .text                                    0x080007ac   Section        0  fepilogue.o(.text)
    .text                                    0x0800081a   Section        0  depilogue.o(.text)
    .text                                    0x080008d4   Section        0  dfixul.o(.text)
    .text                                    0x08000904   Section       48  cdrcmple.o(.text)
    .text                                    0x08000934   Section       36  init.o(.text)
    i.BusFault_Handler                       0x08000958   Section        0  stm32f1xx_it.o(i.BusFault_Handler)
    i.DS18B20_Read1                          0x0800095c   Section        0  ds18b20.o(i.DS18B20_Read1)
    i.DS18B20_Start1                         0x080009b8   Section        0  ds18b20.o(i.DS18B20_Start1)
    i.DS18B20_Write1                         0x08000a04   Section        0  ds18b20.o(i.DS18B20_Write1)
    i.DebugMon_Handler                       0x08000a74   Section        0  stm32f1xx_it.o(i.DebugMon_Handler)
    i.EXTI15_10_IRQHandler                   0x08000a78   Section        0  stm32f1xx_it.o(i.EXTI15_10_IRQHandler)
    i.EXTI9_5_IRQHandler                     0x08000b14   Section        0  stm32f1xx_it.o(i.EXTI9_5_IRQHandler)
    i.Error_Handler                          0x08000b74   Section        0  main.o(i.Error_Handler)
    i.HAL_DAC_ConfigChannel                  0x08000b76   Section        0  stm32f1xx_hal_dac.o(i.HAL_DAC_ConfigChannel)
    i.HAL_DAC_Init                           0x08000bb8   Section        0  stm32f1xx_hal_dac.o(i.HAL_DAC_Init)
    i.HAL_DAC_MspInit                        0x08000be0   Section        0  dac.o(i.HAL_DAC_MspInit)
    i.HAL_DAC_SetValue                       0x08000c38   Section        0  stm32f1xx_hal_dac.o(i.HAL_DAC_SetValue)
    i.HAL_DAC_Start                          0x08000c52   Section        0  stm32f1xx_hal_dac.o(i.HAL_DAC_Start)
    i.HAL_DAC_Stop                           0x08000ca6   Section        0  stm32f1xx_hal_dac.o(i.HAL_DAC_Stop)
    i.HAL_DMA_Abort_IT                       0x08000cbc   Section        0  stm32f1xx_hal_dma.o(i.HAL_DMA_Abort_IT)
    i.HAL_Delay                              0x08000dec   Section        0  stm32f1xx_hal.o(i.HAL_Delay)
    i.HAL_GPIO_EXTI_Callback                 0x08000e10   Section        0  stm32f1xx_hal_gpio.o(i.HAL_GPIO_EXTI_Callback)
    i.HAL_GPIO_EXTI_IRQHandler               0x08000e14   Section        0  stm32f1xx_hal_gpio.o(i.HAL_GPIO_EXTI_IRQHandler)
    i.HAL_GPIO_Init                          0x08000e2c   Section        0  stm32f1xx_hal_gpio.o(i.HAL_GPIO_Init)
    i.HAL_GPIO_ReadPin                       0x08001018   Section        0  stm32f1xx_hal_gpio.o(i.HAL_GPIO_ReadPin)
    i.HAL_GPIO_WritePin                      0x08001022   Section        0  stm32f1xx_hal_gpio.o(i.HAL_GPIO_WritePin)
    i.HAL_GetTick                            0x0800102c   Section        0  stm32f1xx_hal.o(i.HAL_GetTick)
    i.HAL_I2C_AbortCpltCallback              0x08001038   Section        0  stm32f1xx_hal_i2c.o(i.HAL_I2C_AbortCpltCallback)
    i.HAL_I2C_AddrCallback                   0x0800103a   Section        0  stm32f1xx_hal_i2c.o(i.HAL_I2C_AddrCallback)
    i.HAL_I2C_EV_IRQHandler                  0x0800103c   Section        0  stm32f1xx_hal_i2c.o(i.HAL_I2C_EV_IRQHandler)
    i.HAL_I2C_ErrorCallback                  0x0800122c   Section        0  stm32f1xx_hal_i2c.o(i.HAL_I2C_ErrorCallback)
    i.HAL_I2C_Init                           0x08001230   Section        0  stm32f1xx_hal_i2c.o(i.HAL_I2C_Init)
    i.HAL_I2C_ListenCpltCallback             0x08001370   Section        0  stm32f1xx_hal_i2c.o(i.HAL_I2C_ListenCpltCallback)
    i.HAL_I2C_MasterRxCpltCallback           0x08001372   Section        0  stm32f1xx_hal_i2c.o(i.HAL_I2C_MasterRxCpltCallback)
    i.HAL_I2C_MasterTxCpltCallback           0x08001374   Section        0  stm32f1xx_hal_i2c.o(i.HAL_I2C_MasterTxCpltCallback)
    i.HAL_I2C_Master_Receive                 0x08001378   Section        0  stm32f1xx_hal_i2c.o(i.HAL_I2C_Master_Receive)
    i.HAL_I2C_Master_Transmit                0x08001588   Section        0  stm32f1xx_hal_i2c.o(i.HAL_I2C_Master_Transmit)
    i.HAL_I2C_MemRxCpltCallback              0x080016c0   Section        0  stm32f1xx_hal_i2c.o(i.HAL_I2C_MemRxCpltCallback)
    i.HAL_I2C_MemTxCpltCallback              0x080016c2   Section        0  stm32f1xx_hal_i2c.o(i.HAL_I2C_MemTxCpltCallback)
    i.HAL_I2C_Mem_Read                       0x080016c4   Section        0  stm32f1xx_hal_i2c.o(i.HAL_I2C_Mem_Read)
    i.HAL_I2C_MspInit                        0x080018e0   Section        0  i2c.o(i.HAL_I2C_MspInit)
    i.HAL_I2C_SlaveRxCpltCallback            0x08001950   Section        0  stm32f1xx_hal_i2c.o(i.HAL_I2C_SlaveRxCpltCallback)
    i.HAL_I2C_SlaveTxCpltCallback            0x08001952   Section        0  stm32f1xx_hal_i2c.o(i.HAL_I2C_SlaveTxCpltCallback)
    i.HAL_IncTick                            0x08001954   Section        0  stm32f1xx_hal.o(i.HAL_IncTick)
    i.HAL_Init                               0x08001964   Section        0  stm32f1xx_hal.o(i.HAL_Init)
    i.HAL_InitTick                           0x08001988   Section        0  stm32f1xx_hal.o(i.HAL_InitTick)
    i.HAL_MspInit                            0x080019c8   Section        0  stm32f1xx_hal_msp.o(i.HAL_MspInit)
    i.HAL_NVIC_EnableIRQ                     0x08001a04   Section        0  stm32f1xx_hal_cortex.o(i.HAL_NVIC_EnableIRQ)
    i.HAL_NVIC_SetPriority                   0x08001a1c   Section        0  stm32f1xx_hal_cortex.o(i.HAL_NVIC_SetPriority)
    i.HAL_NVIC_SetPriorityGrouping           0x08001a5c   Section        0  stm32f1xx_hal_cortex.o(i.HAL_NVIC_SetPriorityGrouping)
    i.HAL_RCCEx_PeriphCLKConfig              0x08001a80   Section        0  stm32f1xx_hal_rcc_ex.o(i.HAL_RCCEx_PeriphCLKConfig)
    i.HAL_RCC_ClockConfig                    0x08001b68   Section        0  stm32f1xx_hal_rcc.o(i.HAL_RCC_ClockConfig)
    i.HAL_RCC_GetPCLK1Freq                   0x08001cd0   Section        0  stm32f1xx_hal_rcc.o(i.HAL_RCC_GetPCLK1Freq)
    i.HAL_RCC_GetSysClockFreq                0x08001cf0   Section        0  stm32f1xx_hal_rcc.o(i.HAL_RCC_GetSysClockFreq)
    i.HAL_RCC_OscConfig                      0x08001d5c   Section        0  stm32f1xx_hal_rcc.o(i.HAL_RCC_OscConfig)
    i.HAL_SYSTICK_Config                     0x08002054   Section        0  stm32f1xx_hal_cortex.o(i.HAL_SYSTICK_Config)
    i.HAL_TIMEx_BreakCallback                0x0800207c   Section        0  stm32f1xx_hal_tim_ex.o(i.HAL_TIMEx_BreakCallback)
    i.HAL_TIMEx_CommutationCallback          0x0800207e   Section        0  stm32f1xx_hal_tim_ex.o(i.HAL_TIMEx_CommutationCallback)
    i.HAL_TIMEx_MasterConfigSynchronization  0x08002080   Section        0  stm32f1xx_hal_tim_ex.o(i.HAL_TIMEx_MasterConfigSynchronization)
    i.HAL_TIM_Base_Init                      0x080020d0   Section        0  stm32f1xx_hal_tim.o(i.HAL_TIM_Base_Init)
    i.HAL_TIM_Base_MspInit                   0x08002108   Section        0  tim.o(i.HAL_TIM_Base_MspInit)
    i.HAL_TIM_Base_Start                     0x08002180   Section        0  stm32f1xx_hal_tim.o(i.HAL_TIM_Base_Start)
    i.HAL_TIM_Base_Start_IT                  0x0800219a   Section        0  stm32f1xx_hal_tim.o(i.HAL_TIM_Base_Start_IT)
    i.HAL_TIM_ConfigClockSource              0x080021b2   Section        0  stm32f1xx_hal_tim.o(i.HAL_TIM_ConfigClockSource)
    i.HAL_TIM_IC_CaptureCallback             0x080022a2   Section        0  stm32f1xx_hal_tim.o(i.HAL_TIM_IC_CaptureCallback)
    i.HAL_TIM_IRQHandler                     0x080022a4   Section        0  stm32f1xx_hal_tim.o(i.HAL_TIM_IRQHandler)
    i.HAL_TIM_MspPostInit                    0x0800240c   Section        0  tim.o(i.HAL_TIM_MspPostInit)
    i.HAL_TIM_OC_DelayElapsedCallback        0x08002458   Section        0  stm32f1xx_hal_tim.o(i.HAL_TIM_OC_DelayElapsedCallback)
    i.HAL_TIM_PWM_ConfigChannel              0x0800245a   Section        0  stm32f1xx_hal_tim.o(i.HAL_TIM_PWM_ConfigChannel)
    i.HAL_TIM_PWM_Init                       0x0800252a   Section        0  stm32f1xx_hal_tim.o(i.HAL_TIM_PWM_Init)
    i.HAL_TIM_PWM_MspInit                    0x08002560   Section        0  stm32f1xx_hal_tim.o(i.HAL_TIM_PWM_MspInit)
    i.HAL_TIM_PWM_PulseFinishedCallback      0x08002562   Section        0  stm32f1xx_hal_tim.o(i.HAL_TIM_PWM_PulseFinishedCallback)
    i.HAL_TIM_PWM_Start                      0x08002564   Section        0  stm32f1xx_hal_tim.o(i.HAL_TIM_PWM_Start)
    i.HAL_TIM_PeriodElapsedCallback          0x0800259c   Section        0  main.o(i.HAL_TIM_PeriodElapsedCallback)
    i.HAL_TIM_TriggerCallback                0x080025e4   Section        0  stm32f1xx_hal_tim.o(i.HAL_TIM_TriggerCallback)
    i.HardFault_Handler                      0x080025e6   Section        0  stm32f1xx_it.o(i.HardFault_Handler)
    i.I2C2_EV_IRQHandler                     0x080025e8   Section        0  stm32f1xx_it.o(i.I2C2_EV_IRQHandler)
    i.I2C_DMAAbort                           0x080025f4   Section        0  stm32f1xx_hal_i2c.o(i.I2C_DMAAbort)
    I2C_DMAAbort                             0x080025f5   Thumb Code    78  stm32f1xx_hal_i2c.o(i.I2C_DMAAbort)
    i.I2C_ITError                            0x08002644   Section        0  stm32f1xx_hal_i2c.o(i.I2C_ITError)
    I2C_ITError                              0x08002645   Thumb Code   284  stm32f1xx_hal_i2c.o(i.I2C_ITError)
    i.I2C_IsAcknowledgeFailed                0x08002768   Section        0  stm32f1xx_hal_i2c.o(i.I2C_IsAcknowledgeFailed)
    I2C_IsAcknowledgeFailed                  0x08002769   Thumb Code    40  stm32f1xx_hal_i2c.o(i.I2C_IsAcknowledgeFailed)
    i.I2C_MasterReceive_BTF                  0x08002790   Section        0  stm32f1xx_hal_i2c.o(i.I2C_MasterReceive_BTF)
    I2C_MasterReceive_BTF                    0x08002791   Thumb Code   194  stm32f1xx_hal_i2c.o(i.I2C_MasterReceive_BTF)
    i.I2C_MasterReceive_RXNE                 0x08002858   Section        0  stm32f1xx_hal_i2c.o(i.I2C_MasterReceive_RXNE)
    I2C_MasterReceive_RXNE                   0x08002859   Thumb Code   174  stm32f1xx_hal_i2c.o(i.I2C_MasterReceive_RXNE)
    i.I2C_MasterRequestRead                  0x08002906   Section        0  stm32f1xx_hal_i2c.o(i.I2C_MasterRequestRead)
    I2C_MasterRequestRead                    0x08002907   Thumb Code   222  stm32f1xx_hal_i2c.o(i.I2C_MasterRequestRead)
    i.I2C_MasterRequestWrite                 0x080029e4   Section        0  stm32f1xx_hal_i2c.o(i.I2C_MasterRequestWrite)
    I2C_MasterRequestWrite                   0x080029e5   Thumb Code   142  stm32f1xx_hal_i2c.o(i.I2C_MasterRequestWrite)
    i.I2C_MasterTransmit_BTF                 0x08002a78   Section        0  stm32f1xx_hal_i2c.o(i.I2C_MasterTransmit_BTF)
    I2C_MasterTransmit_BTF                   0x08002a79   Thumb Code   128  stm32f1xx_hal_i2c.o(i.I2C_MasterTransmit_BTF)
    i.I2C_MasterTransmit_TXE                 0x08002af8   Section        0  stm32f1xx_hal_i2c.o(i.I2C_MasterTransmit_TXE)
    I2C_MasterTransmit_TXE                   0x08002af9   Thumb Code   262  stm32f1xx_hal_i2c.o(i.I2C_MasterTransmit_TXE)
    i.I2C_Master_ADDR                        0x08002bfe   Section        0  stm32f1xx_hal_i2c.o(i.I2C_Master_ADDR)
    I2C_Master_ADDR                          0x08002bff   Thumb Code   282  stm32f1xx_hal_i2c.o(i.I2C_Master_ADDR)
    i.I2C_Master_SB                          0x08002d18   Section        0  stm32f1xx_hal_i2c.o(i.I2C_Master_SB)
    I2C_Master_SB                            0x08002d19   Thumb Code    90  stm32f1xx_hal_i2c.o(i.I2C_Master_SB)
    i.I2C_RequestMemoryRead                  0x08002d72   Section        0  stm32f1xx_hal_i2c.o(i.I2C_RequestMemoryRead)
    I2C_RequestMemoryRead                    0x08002d73   Thumb Code   240  stm32f1xx_hal_i2c.o(i.I2C_RequestMemoryRead)
    i.I2C_Slave_STOPF                        0x08002e64   Section        0  stm32f1xx_hal_i2c.o(i.I2C_Slave_STOPF)
    I2C_Slave_STOPF                          0x08002e65   Thumb Code   214  stm32f1xx_hal_i2c.o(i.I2C_Slave_STOPF)
    i.I2C_WaitOnBTFFlagUntilTimeout          0x08002f40   Section        0  stm32f1xx_hal_i2c.o(i.I2C_WaitOnBTFFlagUntilTimeout)
    I2C_WaitOnBTFFlagUntilTimeout            0x08002f41   Thumb Code    78  stm32f1xx_hal_i2c.o(i.I2C_WaitOnBTFFlagUntilTimeout)
    i.I2C_WaitOnFlagUntilTimeout             0x08002f8e   Section        0  stm32f1xx_hal_i2c.o(i.I2C_WaitOnFlagUntilTimeout)
    I2C_WaitOnFlagUntilTimeout               0x08002f8f   Thumb Code    96  stm32f1xx_hal_i2c.o(i.I2C_WaitOnFlagUntilTimeout)
    i.I2C_WaitOnMasterAddressFlagUntilTimeout 0x08002fee   Section        0  stm32f1xx_hal_i2c.o(i.I2C_WaitOnMasterAddressFlagUntilTimeout)
    I2C_WaitOnMasterAddressFlagUntilTimeout  0x08002fef   Thumb Code   134  stm32f1xx_hal_i2c.o(i.I2C_WaitOnMasterAddressFlagUntilTimeout)
    i.I2C_WaitOnRXNEFlagUntilTimeout         0x08003074   Section        0  stm32f1xx_hal_i2c.o(i.I2C_WaitOnRXNEFlagUntilTimeout)
    I2C_WaitOnRXNEFlagUntilTimeout           0x08003075   Thumb Code   100  stm32f1xx_hal_i2c.o(i.I2C_WaitOnRXNEFlagUntilTimeout)
    i.I2C_WaitOnTXEFlagUntilTimeout          0x080030d8   Section        0  stm32f1xx_hal_i2c.o(i.I2C_WaitOnTXEFlagUntilTimeout)
    I2C_WaitOnTXEFlagUntilTimeout            0x080030d9   Thumb Code    78  stm32f1xx_hal_i2c.o(i.I2C_WaitOnTXEFlagUntilTimeout)
    i.INA288_init                            0x08003126   Section        0  ina288.o(i.INA288_init)
    i.INA288_read_16                         0x08003154   Section        0  ina288.o(i.INA288_read_16)
    i.INA288_read_24                         0x08003180   Section        0  ina288.o(i.INA288_read_24)
    i.INA288_write_16                        0x080031c0   Section        0  ina288.o(i.INA288_write_16)
    i.LCD_Clear                              0x080031e8   Section        0  text_lcd.o(i.LCD_Clear)
    i.LCD_Enable                             0x080031f0   Section        0  text_lcd.o(i.LCD_Enable)
    i.LCD_Gotoxy                             0x0800321c   Section        0  text_lcd.o(i.LCD_Gotoxy)
    i.LCD_Init                               0x0800323c   Section        0  text_lcd.o(i.LCD_Init)
    i.LCD_PutChar                            0x0800328c   Section        0  text_lcd.o(i.LCD_PutChar)
    i.LCD_Puts                               0x080032b4   Section        0  text_lcd.o(i.LCD_Puts)
    i.LCD_Send4Bit                           0x080032c8   Section        0  text_lcd.o(i.LCD_Send4Bit)
    i.LCD_SendCommand                        0x0800330c   Section        0  text_lcd.o(i.LCD_SendCommand)
    i.MX_DAC_Init                            0x08003328   Section        0  dac.o(i.MX_DAC_Init)
    i.MX_GPIO_Init                           0x08003364   Section        0  gpio.o(i.MX_GPIO_Init)
    i.MX_I2C2_Init                           0x080034c0   Section        0  i2c.o(i.MX_I2C2_Init)
    i.MX_TIM1_Init                           0x08003500   Section        0  tim.o(i.MX_TIM1_Init)
    i.MX_TIM2_Init                           0x08003568   Section        0  tim.o(i.MX_TIM2_Init)
    i.MX_TIM4_Init                           0x080035d0   Section        0  tim.o(i.MX_TIM4_Init)
    i.MemManage_Handler                      0x0800366c   Section        0  stm32f1xx_it.o(i.MemManage_Handler)
    i.NMI_Handler                            0x0800366e   Section        0  stm32f1xx_it.o(i.NMI_Handler)
    i.NVIC_SetPriority                       0x08003670   Section        0  stm32f1xx_hal_cortex.o(i.NVIC_SetPriority)
    NVIC_SetPriority                         0x08003671   Thumb Code    32  stm32f1xx_hal_cortex.o(i.NVIC_SetPriority)
    i.PendSV_Handler                         0x08003690   Section        0  stm32f1xx_it.o(i.PendSV_Handler)
    i.SVC_Handler                            0x08003692   Section        0  stm32f1xx_it.o(i.SVC_Handler)
    i.Set_Pin_Input                          0x08003694   Section        0  ds18b20.o(i.Set_Pin_Input)
    i.Set_Pin_Output                         0x080036aa   Section        0  ds18b20.o(i.Set_Pin_Output)
    i.SysTick_Handler                        0x080036c2   Section        0  stm32f1xx_it.o(i.SysTick_Handler)
    i.SystemClock_Config                     0x080036c6   Section        0  main.o(i.SystemClock_Config)
    i.SystemInit                             0x08003730   Section        0  system_stm32f1xx.o(i.SystemInit)
    i.TIM2_IRQHandler                        0x08003778   Section        0  stm32f1xx_it.o(i.TIM2_IRQHandler)
    i.TIM4_IRQHandler                        0x08003784   Section        0  stm32f1xx_it.o(i.TIM4_IRQHandler)
    i.TIM_Base_SetConfig                     0x08003790   Section        0  stm32f1xx_hal_tim.o(i.TIM_Base_SetConfig)
    i.TIM_CCxChannelCmd                      0x0800381c   Section        0  stm32f1xx_hal_tim.o(i.TIM_CCxChannelCmd)
    i.TIM_ETR_SetConfig                      0x08003832   Section        0  stm32f1xx_hal_tim.o(i.TIM_ETR_SetConfig)
    TIM_ETR_SetConfig                        0x08003833   Thumb Code    20  stm32f1xx_hal_tim.o(i.TIM_ETR_SetConfig)
    i.TIM_ITRx_SetConfig                     0x08003846   Section        0  stm32f1xx_hal_tim.o(i.TIM_ITRx_SetConfig)
    TIM_ITRx_SetConfig                       0x08003847   Thumb Code    16  stm32f1xx_hal_tim.o(i.TIM_ITRx_SetConfig)
    i.TIM_OC1_SetConfig                      0x08003858   Section        0  stm32f1xx_hal_tim.o(i.TIM_OC1_SetConfig)
    TIM_OC1_SetConfig                        0x08003859   Thumb Code    88  stm32f1xx_hal_tim.o(i.TIM_OC1_SetConfig)
    i.TIM_OC2_SetConfig                      0x080038b8   Section        0  stm32f1xx_hal_tim.o(i.TIM_OC2_SetConfig)
    i.TIM_OC3_SetConfig                      0x08003924   Section        0  stm32f1xx_hal_tim.o(i.TIM_OC3_SetConfig)
    TIM_OC3_SetConfig                        0x08003925   Thumb Code    96  stm32f1xx_hal_tim.o(i.TIM_OC3_SetConfig)
    i.TIM_OC4_SetConfig                      0x0800398c   Section        0  stm32f1xx_hal_tim.o(i.TIM_OC4_SetConfig)
    TIM_OC4_SetConfig                        0x0800398d   Thumb Code    70  stm32f1xx_hal_tim.o(i.TIM_OC4_SetConfig)
    i.TIM_TI1_ConfigInputStage               0x080039dc   Section        0  stm32f1xx_hal_tim.o(i.TIM_TI1_ConfigInputStage)
    TIM_TI1_ConfigInputStage                 0x080039dd   Thumb Code    34  stm32f1xx_hal_tim.o(i.TIM_TI1_ConfigInputStage)
    i.TIM_TI2_ConfigInputStage               0x080039fe   Section        0  stm32f1xx_hal_tim.o(i.TIM_TI2_ConfigInputStage)
    TIM_TI2_ConfigInputStage                 0x080039ff   Thumb Code    36  stm32f1xx_hal_tim.o(i.TIM_TI2_ConfigInputStage)
    i.UsageFault_Handler                     0x08003a22   Section        0  stm32f1xx_it.o(i.UsageFault_Handler)
    i.__0sprintf                             0x08003a24   Section        0  printfa.o(i.__0sprintf)
    i.__scatterload_copy                     0x08003a4c   Section       14  handlers.o(i.__scatterload_copy)
    i.__scatterload_null                     0x08003a5a   Section        2  handlers.o(i.__scatterload_null)
    i.__scatterload_zeroinit                 0x08003a5c   Section       14  handlers.o(i.__scatterload_zeroinit)
    i._fp_digits                             0x08003a6c   Section        0  printfa.o(i._fp_digits)
    _fp_digits                               0x08003a6d   Thumb Code   366  printfa.o(i._fp_digits)
    i._printf_core                           0x08003bf0   Section        0  printfa.o(i._printf_core)
    _printf_core                             0x08003bf1   Thumb Code  1744  printfa.o(i._printf_core)
    i._printf_post_padding                   0x080042cc   Section        0  printfa.o(i._printf_post_padding)
    _printf_post_padding                     0x080042cd   Thumb Code    36  printfa.o(i._printf_post_padding)
    i._printf_pre_padding                    0x080042f0   Section        0  printfa.o(i._printf_pre_padding)
    _printf_pre_padding                      0x080042f1   Thumb Code    46  printfa.o(i._printf_pre_padding)
    i._sputc                                 0x0800431e   Section        0  printfa.o(i._sputc)
    _sputc                                   0x0800431f   Thumb Code    10  printfa.o(i._sputc)
    i.control_fan                            0x08004328   Section        0  fan.o(i.control_fan)
    i.delay_us                               0x0800436c   Section        0  delay_us.o(i.delay_us)
    i.lcd_home                               0x08004384   Section        0  main.o(i.lcd_home)
    i.main                                   0x080043c0   Section        0  main.o(i.main)
    i.read_temp                              0x0800495c   Section        0  ds18b20.o(i.read_temp)
    .constdata                               0x080049c8   Section       16  system_stm32f1xx.o(.constdata)
    .constdata                               0x080049d8   Section        8  system_stm32f1xx.o(.constdata)
    .data                                    0x20000000   Section       48  main.o(.data)
    .data                                    0x20000030   Section        1  stm32f1xx_it.o(.data)
    .data                                    0x20000031   Section        3  stm32f1xx_it.o(.data)
    .data                                    0x20000034   Section        4  stm32f1xx_it.o(.data)
    .data                                    0x20000038   Section        4  stm32f1xx_it.o(.data)
    .data                                    0x2000003c   Section        4  stm32f1xx_it.o(.data)
    .data                                    0x20000040   Section       12  stm32f1xx_hal.o(.data)
    .data                                    0x2000004c   Section        4  system_stm32f1xx.o(.data)
    .bss                                     0x20000050   Section       40  main.o(.bss)
    .bss                                     0x20000078   Section       20  dac.o(.bss)
    .bss                                     0x2000008c   Section       84  i2c.o(.bss)
    .bss                                     0x200000e0   Section      192  tim.o(.bss)
    STACK                                    0x200001a0   Section     1024  startup_stm32f103xe.o(STACK)

    Global Symbols

    Symbol Name                              Value     Ov Type        Size  Object(Section)

    BuildAttributes$$THM_ISAv4$P$D$K$B$S$PE$A:L22UL41UL21$X:L11$S22US41US21$IEEE1$IW$USESV6$~STKCKD$USESV7$~SHL$OTIME$ROPI$EBA8$MICROLIB$REQ8$PRES8$EABIv2 0x00000000   Number         0  anon$$obj.o ABSOLUTE
    __ARM_use_no_argv                        0x00000000   Number         0  main.o ABSOLUTE
    _printf_a                                0x00000000   Number         0  stubs.o ABSOLUTE
    _printf_c                                0x00000000   Number         0  stubs.o ABSOLUTE
    _printf_charcount                        0x00000000   Number         0  stubs.o ABSOLUTE
    _printf_d                                0x00000000   Number         0  stubs.o ABSOLUTE
    _printf_e                                0x00000000   Number         0  stubs.o ABSOLUTE
    _printf_f                                0x00000000   Number         0  stubs.o ABSOLUTE
    _printf_flags                            0x00000000   Number         0  stubs.o ABSOLUTE
    _printf_fp_dec                           0x00000000   Number         0  stubs.o ABSOLUTE
    _printf_fp_hex                           0x00000000   Number         0  stubs.o ABSOLUTE
    _printf_g                                0x00000000   Number         0  stubs.o ABSOLUTE
    _printf_i                                0x00000000   Number         0  stubs.o ABSOLUTE
    _printf_int_dec                          0x00000000   Number         0  stubs.o ABSOLUTE
    _printf_l                                0x00000000   Number         0  stubs.o ABSOLUTE
    _printf_lc                               0x00000000   Number         0  stubs.o ABSOLUTE
    _printf_ll                               0x00000000   Number         0  stubs.o ABSOLUTE
    _printf_lld                              0x00000000   Number         0  stubs.o ABSOLUTE
    _printf_lli                              0x00000000   Number         0  stubs.o ABSOLUTE
    _printf_llo                              0x00000000   Number         0  stubs.o ABSOLUTE
    _printf_llu                              0x00000000   Number         0  stubs.o ABSOLUTE
    _printf_llx                              0x00000000   Number         0  stubs.o ABSOLUTE
    _printf_longlong_dec                     0x00000000   Number         0  stubs.o ABSOLUTE
    _printf_longlong_hex                     0x00000000   Number         0  stubs.o ABSOLUTE
    _printf_longlong_oct                     0x00000000   Number         0  stubs.o ABSOLUTE
    _printf_ls                               0x00000000   Number         0  stubs.o ABSOLUTE
    _printf_mbtowc                           0x00000000   Number         0  stubs.o ABSOLUTE
    _printf_n                                0x00000000   Number         0  stubs.o ABSOLUTE
    _printf_o                                0x00000000   Number         0  stubs.o ABSOLUTE
    _printf_p                                0x00000000   Number         0  stubs.o ABSOLUTE
    _printf_percent                          0x00000000   Number         0  stubs.o ABSOLUTE
    _printf_pre_padding                      0x00000000   Number         0  stubs.o ABSOLUTE
    _printf_return_value                     0x00000000   Number         0  stubs.o ABSOLUTE
    _printf_s                                0x00000000   Number         0  stubs.o ABSOLUTE
    _printf_sizespec                         0x00000000   Number         0  stubs.o ABSOLUTE
    _printf_str                              0x00000000   Number         0  stubs.o ABSOLUTE
    _printf_truncate_signed                  0x00000000   Number         0  stubs.o ABSOLUTE
    _printf_truncate_unsigned                0x00000000   Number         0  stubs.o ABSOLUTE
    _printf_u                                0x00000000   Number         0  stubs.o ABSOLUTE
    _printf_wc                               0x00000000   Number         0  stubs.o ABSOLUTE
    _printf_wctomb                           0x00000000   Number         0  stubs.o ABSOLUTE
    _printf_widthprec                        0x00000000   Number         0  stubs.o ABSOLUTE
    _printf_x                                0x00000000   Number         0  stubs.o ABSOLUTE
    __cpp_initialize__aeabi_                  - Undefined Weak Reference
    __cxa_finalize                            - Undefined Weak Reference
    __decompress                              - Undefined Weak Reference
    _clock_init                               - Undefined Weak Reference
    _microlib_exit                            - Undefined Weak Reference
    __Vectors_Size                           0x00000130   Number         0  startup_stm32f103xe.o ABSOLUTE
    __Vectors                                0x08000000   Data           4  startup_stm32f103xe.o(RESET)
    __Vectors_End                            0x08000130   Data           0  startup_stm32f103xe.o(RESET)
    __main                                   0x08000131   Thumb Code     0  entry.o(.ARM.Collect$$$$00000000)
    _main_stk                                0x08000131   Thumb Code     0  entry2.o(.ARM.Collect$$$$00000001)
    _main_scatterload                        0x08000135   Thumb Code     0  entry5.o(.ARM.Collect$$$$00000004)
    __main_after_scatterload                 0x08000139   Thumb Code     0  entry5.o(.ARM.Collect$$$$00000004)
    _main_clock                              0x08000139   Thumb Code     0  entry7b.o(.ARM.Collect$$$$00000008)
    _main_cpp_init                           0x08000139   Thumb Code     0  entry8b.o(.ARM.Collect$$$$0000000A)
    _main_init                               0x08000139   Thumb Code     0  entry9a.o(.ARM.Collect$$$$0000000B)
    __rt_final_cpp                           0x08000141   Thumb Code     0  entry10a.o(.ARM.Collect$$$$0000000D)
    __rt_final_exit                          0x08000141   Thumb Code     0  entry11a.o(.ARM.Collect$$$$0000000F)
    Reset_Handler                            0x08000145   Thumb Code     8  startup_stm32f103xe.o(.text)
    ADC1_2_IRQHandler                        0x0800015f   Thumb Code     0  startup_stm32f103xe.o(.text)
    ADC3_IRQHandler                          0x0800015f   Thumb Code     0  startup_stm32f103xe.o(.text)
    CAN1_RX1_IRQHandler                      0x0800015f   Thumb Code     0  startup_stm32f103xe.o(.text)
    CAN1_SCE_IRQHandler                      0x0800015f   Thumb Code     0  startup_stm32f103xe.o(.text)
    DMA1_Channel1_IRQHandler                 0x0800015f   Thumb Code     0  startup_stm32f103xe.o(.text)
    DMA1_Channel2_IRQHandler                 0x0800015f   Thumb Code     0  startup_stm32f103xe.o(.text)
    DMA1_Channel3_IRQHandler                 0x0800015f   Thumb Code     0  startup_stm32f103xe.o(.text)
    DMA1_Channel4_IRQHandler                 0x0800015f   Thumb Code     0  startup_stm32f103xe.o(.text)
    DMA1_Channel5_IRQHandler                 0x0800015f   Thumb Code     0  startup_stm32f103xe.o(.text)
    DMA1_Channel6_IRQHandler                 0x0800015f   Thumb Code     0  startup_stm32f103xe.o(.text)
    DMA1_Channel7_IRQHandler                 0x0800015f   Thumb Code     0  startup_stm32f103xe.o(.text)
    DMA2_Channel1_IRQHandler                 0x0800015f   Thumb Code     0  startup_stm32f103xe.o(.text)
    DMA2_Channel2_IRQHandler                 0x0800015f   Thumb Code     0  startup_stm32f103xe.o(.text)
    DMA2_Channel3_IRQHandler                 0x0800015f   Thumb Code     0  startup_stm32f103xe.o(.text)
    DMA2_Channel4_5_IRQHandler               0x0800015f   Thumb Code     0  startup_stm32f103xe.o(.text)
    EXTI0_IRQHandler                         0x0800015f   Thumb Code     0  startup_stm32f103xe.o(.text)
    EXTI1_IRQHandler                         0x0800015f   Thumb Code     0  startup_stm32f103xe.o(.text)
    EXTI2_IRQHandler                         0x0800015f   Thumb Code     0  startup_stm32f103xe.o(.text)
    EXTI3_IRQHandler                         0x0800015f   Thumb Code     0  startup_stm32f103xe.o(.text)
    EXTI4_IRQHandler                         0x0800015f   Thumb Code     0  startup_stm32f103xe.o(.text)
    FLASH_IRQHandler                         0x0800015f   Thumb Code     0  startup_stm32f103xe.o(.text)
    FSMC_IRQHandler                          0x0800015f   Thumb Code     0  startup_stm32f103xe.o(.text)
    I2C1_ER_IRQHandler                       0x0800015f   Thumb Code     0  startup_stm32f103xe.o(.text)
    I2C1_EV_IRQHandler                       0x0800015f   Thumb Code     0  startup_stm32f103xe.o(.text)
    I2C2_ER_IRQHandler                       0x0800015f   Thumb Code     0  startup_stm32f103xe.o(.text)
    PVD_IRQHandler                           0x0800015f   Thumb Code     0  startup_stm32f103xe.o(.text)
    RCC_IRQHandler                           0x0800015f   Thumb Code     0  startup_stm32f103xe.o(.text)
    RTC_Alarm_IRQHandler                     0x0800015f   Thumb Code     0  startup_stm32f103xe.o(.text)
    RTC_IRQHandler                           0x0800015f   Thumb Code     0  startup_stm32f103xe.o(.text)
    SDIO_IRQHandler                          0x0800015f   Thumb Code     0  startup_stm32f103xe.o(.text)
    SPI1_IRQHandler                          0x0800015f   Thumb Code     0  startup_stm32f103xe.o(.text)
    SPI2_IRQHandler                          0x0800015f   Thumb Code     0  startup_stm32f103xe.o(.text)
    SPI3_IRQHandler                          0x0800015f   Thumb Code     0  startup_stm32f103xe.o(.text)
    TAMPER_IRQHandler                        0x0800015f   Thumb Code     0  startup_stm32f103xe.o(.text)
    TIM1_BRK_IRQHandler                      0x0800015f   Thumb Code     0  startup_stm32f103xe.o(.text)
    TIM1_CC_IRQHandler                       0x0800015f   Thumb Code     0  startup_stm32f103xe.o(.text)
    TIM1_TRG_COM_IRQHandler                  0x0800015f   Thumb Code     0  startup_stm32f103xe.o(.text)
    TIM1_UP_IRQHandler                       0x0800015f   Thumb Code     0  startup_stm32f103xe.o(.text)
    TIM3_IRQHandler                          0x0800015f   Thumb Code     0  startup_stm32f103xe.o(.text)
    TIM5_IRQHandler                          0x0800015f   Thumb Code     0  startup_stm32f103xe.o(.text)
    TIM6_IRQHandler                          0x0800015f   Thumb Code     0  startup_stm32f103xe.o(.text)
    TIM7_IRQHandler                          0x0800015f   Thumb Code     0  startup_stm32f103xe.o(.text)
    TIM8_BRK_IRQHandler                      0x0800015f   Thumb Code     0  startup_stm32f103xe.o(.text)
    TIM8_CC_IRQHandler                       0x0800015f   Thumb Code     0  startup_stm32f103xe.o(.text)
    TIM8_TRG_COM_IRQHandler                  0x0800015f   Thumb Code     0  startup_stm32f103xe.o(.text)
    TIM8_UP_IRQHandler                       0x0800015f   Thumb Code     0  startup_stm32f103xe.o(.text)
    UART4_IRQHandler                         0x0800015f   Thumb Code     0  startup_stm32f103xe.o(.text)
    UART5_IRQHandler                         0x0800015f   Thumb Code     0  startup_stm32f103xe.o(.text)
    USART1_IRQHandler                        0x0800015f   Thumb Code     0  startup_stm32f103xe.o(.text)
    USART2_IRQHandler                        0x0800015f   Thumb Code     0  startup_stm32f103xe.o(.text)
    USART3_IRQHandler                        0x0800015f   Thumb Code     0  startup_stm32f103xe.o(.text)
    USBWakeUp_IRQHandler                     0x0800015f   Thumb Code     0  startup_stm32f103xe.o(.text)
    USB_HP_CAN1_TX_IRQHandler                0x0800015f   Thumb Code     0  startup_stm32f103xe.o(.text)
    USB_LP_CAN1_RX0_IRQHandler               0x0800015f   Thumb Code     0  startup_stm32f103xe.o(.text)
    WWDG_IRQHandler                          0x0800015f   Thumb Code     0  startup_stm32f103xe.o(.text)
    __aeabi_llsr                             0x08000169   Thumb Code    32  llushr.o(.text)
    _ll_ushift_r                             0x08000169   Thumb Code     0  llushr.o(.text)
    __aeabi_memset                           0x08000189   Thumb Code    14  memseta.o(.text)
    __aeabi_memset4                          0x08000189   Thumb Code     0  memseta.o(.text)
    __aeabi_memset8                          0x08000189   Thumb Code     0  memseta.o(.text)
    __aeabi_memclr                           0x08000197   Thumb Code     4  memseta.o(.text)
    __aeabi_memclr4                          0x08000197   Thumb Code     0  memseta.o(.text)
    __aeabi_memclr8                          0x08000197   Thumb Code     0  memseta.o(.text)
    _memset$wrapper                          0x0800019b   Thumb Code    18  memseta.o(.text)
    __aeabi_fadd                             0x080001ad   Thumb Code   164  fadd.o(.text)
    __aeabi_fsub                             0x08000251   Thumb Code     6  fadd.o(.text)
    __aeabi_frsub                            0x08000257   Thumb Code     6  fadd.o(.text)
    __aeabi_fdiv                             0x0800025d   Thumb Code   124  fdiv.o(.text)
    __ARM_scalbnf                            0x080002d9   Thumb Code    24  fscalb.o(.text)
    scalbnf                                  0x080002d9   Thumb Code     0  fscalb.o(.text)
    __aeabi_dadd                             0x080002f1   Thumb Code   322  dadd.o(.text)
    __aeabi_dsub                             0x08000433   Thumb Code     6  dadd.o(.text)
    __aeabi_drsub                            0x08000439   Thumb Code     6  dadd.o(.text)
    __aeabi_dmul                             0x0800043f   Thumb Code   228  dmul.o(.text)
    __aeabi_ddiv                             0x08000523   Thumb Code   222  ddiv.o(.text)
    __aeabi_ui2f                             0x08000601   Thumb Code    10  ffltui.o(.text)
    __aeabi_ui2d                             0x0800060b   Thumb Code    26  dfltui.o(.text)
    __aeabi_f2uiz                            0x08000625   Thumb Code    40  ffixui.o(.text)
    __aeabi_f2d                              0x0800064d   Thumb Code    38  f2d.o(.text)
    __aeabi_cdcmpeq                          0x08000675   Thumb Code     0  cdcmple.o(.text)
    __aeabi_cdcmple                          0x08000675   Thumb Code    48  cdcmple.o(.text)
    __aeabi_d2f                              0x080006a5   Thumb Code    56  d2f.o(.text)
    __aeabi_uidiv                            0x080006dd   Thumb Code     0  uidiv.o(.text)
    __aeabi_uidivmod                         0x080006dd   Thumb Code    44  uidiv.o(.text)
    __aeabi_uldivmod                         0x08000709   Thumb Code    98  uldiv.o(.text)
    __aeabi_llsl                             0x0800076b   Thumb Code    30  llshl.o(.text)
    _ll_shift_l                              0x0800076b   Thumb Code     0  llshl.o(.text)
    __aeabi_lasr                             0x08000789   Thumb Code    36  llsshr.o(.text)
    _ll_sshift_r                             0x08000789   Thumb Code     0  llsshr.o(.text)
    __I$use$fp                               0x080007ad   Thumb Code     0  iusefp.o(.text)
    _float_round                             0x080007ad   Thumb Code    18  fepilogue.o(.text)
    _float_epilogue                          0x080007bf   Thumb Code    92  fepilogue.o(.text)
    _double_round                            0x0800081b   Thumb Code    30  depilogue.o(.text)
    _double_epilogue                         0x08000839   Thumb Code   156  depilogue.o(.text)
    __aeabi_d2ulz                            0x080008d5   Thumb Code    48  dfixul.o(.text)
    __aeabi_cdrcmple                         0x08000905   Thumb Code    48  cdrcmple.o(.text)
    __scatterload                            0x08000935   Thumb Code    28  init.o(.text)
    __scatterload_rt2                        0x08000935   Thumb Code     0  init.o(.text)
    BusFault_Handler                         0x08000959   Thumb Code     2  stm32f1xx_it.o(i.BusFault_Handler)
    DS18B20_Read1                            0x0800095d   Thumb Code    88  ds18b20.o(i.DS18B20_Read1)
    DS18B20_Start1                           0x080009b9   Thumb Code    70  ds18b20.o(i.DS18B20_Start1)
    DS18B20_Write1                           0x08000a05   Thumb Code   108  ds18b20.o(i.DS18B20_Write1)
    DebugMon_Handler                         0x08000a75   Thumb Code     2  stm32f1xx_it.o(i.DebugMon_Handler)
    EXTI15_10_IRQHandler                     0x08000a79   Thumb Code   134  stm32f1xx_it.o(i.EXTI15_10_IRQHandler)
    EXTI9_5_IRQHandler                       0x08000b15   Thumb Code    82  stm32f1xx_it.o(i.EXTI9_5_IRQHandler)
    Error_Handler                            0x08000b75   Thumb Code     2  main.o(i.Error_Handler)
    HAL_DAC_ConfigChannel                    0x08000b77   Thumb Code    66  stm32f1xx_hal_dac.o(i.HAL_DAC_ConfigChannel)
    HAL_DAC_Init                             0x08000bb9   Thumb Code    40  stm32f1xx_hal_dac.o(i.HAL_DAC_Init)
    HAL_DAC_MspInit                          0x08000be1   Thumb Code    76  dac.o(i.HAL_DAC_MspInit)
    HAL_DAC_SetValue                         0x08000c39   Thumb Code    26  stm32f1xx_hal_dac.o(i.HAL_DAC_SetValue)
    HAL_DAC_Start                            0x08000c53   Thumb Code    84  stm32f1xx_hal_dac.o(i.HAL_DAC_Start)
    HAL_DAC_Stop                             0x08000ca7   Thumb Code    22  stm32f1xx_hal_dac.o(i.HAL_DAC_Stop)
    HAL_DMA_Abort_IT                         0x08000cbd   Thumb Code   296  stm32f1xx_hal_dma.o(i.HAL_DMA_Abort_IT)
    HAL_Delay                                0x08000ded   Thumb Code    32  stm32f1xx_hal.o(i.HAL_Delay)
    HAL_GPIO_EXTI_Callback                   0x08000e11   Thumb Code     2  stm32f1xx_hal_gpio.o(i.HAL_GPIO_EXTI_Callback)
    HAL_GPIO_EXTI_IRQHandler                 0x08000e15   Thumb Code    18  stm32f1xx_hal_gpio.o(i.HAL_GPIO_EXTI_IRQHandler)
    HAL_GPIO_Init                            0x08000e2d   Thumb Code   450  stm32f1xx_hal_gpio.o(i.HAL_GPIO_Init)
    HAL_GPIO_ReadPin                         0x08001019   Thumb Code    10  stm32f1xx_hal_gpio.o(i.HAL_GPIO_ReadPin)
    HAL_GPIO_WritePin                        0x08001023   Thumb Code    10  stm32f1xx_hal_gpio.o(i.HAL_GPIO_WritePin)
    HAL_GetTick                              0x0800102d   Thumb Code     6  stm32f1xx_hal.o(i.HAL_GetTick)
    HAL_I2C_AbortCpltCallback                0x08001039   Thumb Code     2  stm32f1xx_hal_i2c.o(i.HAL_I2C_AbortCpltCallback)
    HAL_I2C_AddrCallback                     0x0800103b   Thumb Code     2  stm32f1xx_hal_i2c.o(i.HAL_I2C_AddrCallback)
    HAL_I2C_EV_IRQHandler                    0x0800103d   Thumb Code   486  stm32f1xx_hal_i2c.o(i.HAL_I2C_EV_IRQHandler)
    HAL_I2C_ErrorCallback                    0x0800122d   Thumb Code     2  stm32f1xx_hal_i2c.o(i.HAL_I2C_ErrorCallback)
    HAL_I2C_Init                             0x08001231   Thumb Code   302  stm32f1xx_hal_i2c.o(i.HAL_I2C_Init)
    HAL_I2C_ListenCpltCallback               0x08001371   Thumb Code     2  stm32f1xx_hal_i2c.o(i.HAL_I2C_ListenCpltCallback)
    HAL_I2C_MasterRxCpltCallback             0x08001373   Thumb Code     2  stm32f1xx_hal_i2c.o(i.HAL_I2C_MasterRxCpltCallback)
    HAL_I2C_MasterTxCpltCallback             0x08001375   Thumb Code     2  stm32f1xx_hal_i2c.o(i.HAL_I2C_MasterTxCpltCallback)
    HAL_I2C_Master_Receive                   0x08001379   Thumb Code   516  stm32f1xx_hal_i2c.o(i.HAL_I2C_Master_Receive)
    HAL_I2C_Master_Transmit                  0x08001589   Thumb Code   304  stm32f1xx_hal_i2c.o(i.HAL_I2C_Master_Transmit)
    HAL_I2C_MemRxCpltCallback                0x080016c1   Thumb Code     2  stm32f1xx_hal_i2c.o(i.HAL_I2C_MemRxCpltCallback)
    HAL_I2C_MemTxCpltCallback                0x080016c3   Thumb Code     2  stm32f1xx_hal_i2c.o(i.HAL_I2C_MemTxCpltCallback)
    HAL_I2C_Mem_Read                         0x080016c5   Thumb Code   526  stm32f1xx_hal_i2c.o(i.HAL_I2C_Mem_Read)
    HAL_I2C_MspInit                          0x080018e1   Thumb Code    98  i2c.o(i.HAL_I2C_MspInit)
    HAL_I2C_SlaveRxCpltCallback              0x08001951   Thumb Code     2  stm32f1xx_hal_i2c.o(i.HAL_I2C_SlaveRxCpltCallback)
    HAL_I2C_SlaveTxCpltCallback              0x08001953   Thumb Code     2  stm32f1xx_hal_i2c.o(i.HAL_I2C_SlaveTxCpltCallback)
    HAL_IncTick                              0x08001955   Thumb Code    12  stm32f1xx_hal.o(i.HAL_IncTick)
    HAL_Init                                 0x08001965   Thumb Code    32  stm32f1xx_hal.o(i.HAL_Init)
    HAL_InitTick                             0x08001989   Thumb Code    54  stm32f1xx_hal.o(i.HAL_InitTick)
    HAL_MspInit                              0x080019c9   Thumb Code    52  stm32f1xx_hal_msp.o(i.HAL_MspInit)
    HAL_NVIC_EnableIRQ                       0x08001a05   Thumb Code    22  stm32f1xx_hal_cortex.o(i.HAL_NVIC_EnableIRQ)
    HAL_NVIC_SetPriority                     0x08001a1d   Thumb Code    60  stm32f1xx_hal_cortex.o(i.HAL_NVIC_SetPriority)
    HAL_NVIC_SetPriorityGrouping             0x08001a5d   Thumb Code    26  stm32f1xx_hal_cortex.o(i.HAL_NVIC_SetPriorityGrouping)
    HAL_RCCEx_PeriphCLKConfig                0x08001a81   Thumb Code   220  stm32f1xx_hal_rcc_ex.o(i.HAL_RCCEx_PeriphCLKConfig)
    HAL_RCC_ClockConfig                      0x08001b69   Thumb Code   342  stm32f1xx_hal_rcc.o(i.HAL_RCC_ClockConfig)
    HAL_RCC_GetPCLK1Freq                     0x08001cd1   Thumb Code    20  stm32f1xx_hal_rcc.o(i.HAL_RCC_GetPCLK1Freq)
    HAL_RCC_GetSysClockFreq                  0x08001cf1   Thumb Code    74  stm32f1xx_hal_rcc.o(i.HAL_RCC_GetSysClockFreq)
    HAL_RCC_OscConfig                        0x08001d5d   Thumb Code   740  stm32f1xx_hal_rcc.o(i.HAL_RCC_OscConfig)
    HAL_SYSTICK_Config                       0x08002055   Thumb Code    40  stm32f1xx_hal_cortex.o(i.HAL_SYSTICK_Config)
    HAL_TIMEx_BreakCallback                  0x0800207d   Thumb Code     2  stm32f1xx_hal_tim_ex.o(i.HAL_TIMEx_BreakCallback)
    HAL_TIMEx_CommutationCallback            0x0800207f   Thumb Code     2  stm32f1xx_hal_tim_ex.o(i.HAL_TIMEx_CommutationCallback)
    HAL_TIMEx_MasterConfigSynchronization    0x08002081   Thumb Code    80  stm32f1xx_hal_tim_ex.o(i.HAL_TIMEx_MasterConfigSynchronization)
    HAL_TIM_Base_Init                        0x080020d1   Thumb Code    54  stm32f1xx_hal_tim.o(i.HAL_TIM_Base_Init)
    HAL_TIM_Base_MspInit                     0x08002109   Thumb Code   108  tim.o(i.HAL_TIM_Base_MspInit)
    HAL_TIM_Base_Start                       0x08002181   Thumb Code    26  stm32f1xx_hal_tim.o(i.HAL_TIM_Base_Start)
    HAL_TIM_Base_Start_IT                    0x0800219b   Thumb Code    24  stm32f1xx_hal_tim.o(i.HAL_TIM_Base_Start_IT)
    HAL_TIM_ConfigClockSource                0x080021b3   Thumb Code   240  stm32f1xx_hal_tim.o(i.HAL_TIM_ConfigClockSource)
    HAL_TIM_IC_CaptureCallback               0x080022a3   Thumb Code     2  stm32f1xx_hal_tim.o(i.HAL_TIM_IC_CaptureCallback)
    HAL_TIM_IRQHandler                       0x080022a5   Thumb Code   358  stm32f1xx_hal_tim.o(i.HAL_TIM_IRQHandler)
    HAL_TIM_MspPostInit                      0x0800240d   Thumb Code    64  tim.o(i.HAL_TIM_MspPostInit)
    HAL_TIM_OC_DelayElapsedCallback          0x08002459   Thumb Code     2  stm32f1xx_hal_tim.o(i.HAL_TIM_OC_DelayElapsedCallback)
    HAL_TIM_PWM_ConfigChannel                0x0800245b   Thumb Code   208  stm32f1xx_hal_tim.o(i.HAL_TIM_PWM_ConfigChannel)
    HAL_TIM_PWM_Init                         0x0800252b   Thumb Code    54  stm32f1xx_hal_tim.o(i.HAL_TIM_PWM_Init)
    HAL_TIM_PWM_MspInit                      0x08002561   Thumb Code     2  stm32f1xx_hal_tim.o(i.HAL_TIM_PWM_MspInit)
    HAL_TIM_PWM_PulseFinishedCallback        0x08002563   Thumb Code     2  stm32f1xx_hal_tim.o(i.HAL_TIM_PWM_PulseFinishedCallback)
    HAL_TIM_PWM_Start                        0x08002565   Thumb Code    48  stm32f1xx_hal_tim.o(i.HAL_TIM_PWM_Start)
    HAL_TIM_PeriodElapsedCallback            0x0800259d   Thumb Code    64  main.o(i.HAL_TIM_PeriodElapsedCallback)
    HAL_TIM_TriggerCallback                  0x080025e5   Thumb Code     2  stm32f1xx_hal_tim.o(i.HAL_TIM_TriggerCallback)
    HardFault_Handler                        0x080025e7   Thumb Code     2  stm32f1xx_it.o(i.HardFault_Handler)
    I2C2_EV_IRQHandler                       0x080025e9   Thumb Code     6  stm32f1xx_it.o(i.I2C2_EV_IRQHandler)
    INA288_init                              0x08003127   Thumb Code    46  ina288.o(i.INA288_init)
    INA288_read_16                           0x08003155   Thumb Code    40  ina288.o(i.INA288_read_16)
    INA288_read_24                           0x08003181   Thumb Code    60  ina288.o(i.INA288_read_24)
    INA288_write_16                          0x080031c1   Thumb Code    36  ina288.o(i.INA288_write_16)
    LCD_Clear                                0x080031e9   Thumb Code     6  text_lcd.o(i.LCD_Clear)
    LCD_Enable                               0x080031f1   Thumb Code    40  text_lcd.o(i.LCD_Enable)
    LCD_Gotoxy                               0x0800321d   Thumb Code    32  text_lcd.o(i.LCD_Gotoxy)
    LCD_Init                                 0x0800323d   Thumb Code    74  text_lcd.o(i.LCD_Init)
    LCD_PutChar                              0x0800328d   Thumb Code    36  text_lcd.o(i.LCD_PutChar)
    LCD_Puts                                 0x080032b5   Thumb Code    20  text_lcd.o(i.LCD_Puts)
    LCD_Send4Bit                             0x080032c9   Thumb Code    60  text_lcd.o(i.LCD_Send4Bit)
    LCD_SendCommand                          0x0800330d   Thumb Code    28  text_lcd.o(i.LCD_SendCommand)
    MX_DAC_Init                              0x08003329   Thumb Code    50  dac.o(i.MX_DAC_Init)
    MX_GPIO_Init                             0x08003365   Thumb Code   324  gpio.o(i.MX_GPIO_Init)
    MX_I2C2_Init                             0x080034c1   Thumb Code    50  i2c.o(i.MX_I2C2_Init)
    MX_TIM1_Init                             0x08003501   Thumb Code    96  tim.o(i.MX_TIM1_Init)
    MX_TIM2_Init                             0x08003569   Thumb Code   100  tim.o(i.MX_TIM2_Init)
    MX_TIM4_Init                             0x080035d1   Thumb Code   148  tim.o(i.MX_TIM4_Init)
    MemManage_Handler                        0x0800366d   Thumb Code     2  stm32f1xx_it.o(i.MemManage_Handler)
    NMI_Handler                              0x0800366f   Thumb Code     2  stm32f1xx_it.o(i.NMI_Handler)
    PendSV_Handler                           0x08003691   Thumb Code     2  stm32f1xx_it.o(i.PendSV_Handler)
    SVC_Handler                              0x08003693   Thumb Code     2  stm32f1xx_it.o(i.SVC_Handler)
    Set_Pin_Input                            0x08003695   Thumb Code    22  ds18b20.o(i.Set_Pin_Input)
    Set_Pin_Output                           0x080036ab   Thumb Code    24  ds18b20.o(i.Set_Pin_Output)
    SysTick_Handler                          0x080036c3   Thumb Code     4  stm32f1xx_it.o(i.SysTick_Handler)
    SystemClock_Config                       0x080036c7   Thumb Code   104  main.o(i.SystemClock_Config)
    SystemInit                               0x08003731   Thumb Code    56  system_stm32f1xx.o(i.SystemInit)
    TIM2_IRQHandler                          0x08003779   Thumb Code     6  stm32f1xx_it.o(i.TIM2_IRQHandler)
    TIM4_IRQHandler                          0x08003785   Thumb Code     6  stm32f1xx_it.o(i.TIM4_IRQHandler)
    TIM_Base_SetConfig                       0x08003791   Thumb Code   120  stm32f1xx_hal_tim.o(i.TIM_Base_SetConfig)
    TIM_CCxChannelCmd                        0x0800381d   Thumb Code    22  stm32f1xx_hal_tim.o(i.TIM_CCxChannelCmd)
    TIM_OC2_SetConfig                        0x080038b9   Thumb Code    98  stm32f1xx_hal_tim.o(i.TIM_OC2_SetConfig)
    UsageFault_Handler                       0x08003a23   Thumb Code     2  stm32f1xx_it.o(i.UsageFault_Handler)
    __0sprintf                               0x08003a25   Thumb Code    34  printfa.o(i.__0sprintf)
    __1sprintf                               0x08003a25   Thumb Code     0  printfa.o(i.__0sprintf)
    __2sprintf                               0x08003a25   Thumb Code     0  printfa.o(i.__0sprintf)
    __c89sprintf                             0x08003a25   Thumb Code     0  printfa.o(i.__0sprintf)
    sprintf                                  0x08003a25   Thumb Code     0  printfa.o(i.__0sprintf)
    __scatterload_copy                       0x08003a4d   Thumb Code    14  handlers.o(i.__scatterload_copy)
    __scatterload_null                       0x08003a5b   Thumb Code     2  handlers.o(i.__scatterload_null)
    __scatterload_zeroinit                   0x08003a5d   Thumb Code    14  handlers.o(i.__scatterload_zeroinit)
    control_fan                              0x08004329   Thumb Code    62  fan.o(i.control_fan)
    delay_us                                 0x0800436d   Thumb Code    18  delay_us.o(i.delay_us)
    lcd_home                                 0x08004385   Thumb Code    38  main.o(i.lcd_home)
    main                                     0x080043c1   Thumb Code  1424  main.o(i.main)
    read_temp                                0x0800495d   Thumb Code   108  ds18b20.o(i.read_temp)
    AHBPrescTable                            0x080049c8   Data          16  system_stm32f1xx.o(.constdata)
    APBPrescTable                            0x080049d8   Data           8  system_stm32f1xx.o(.constdata)
    Region$$Table$$Base                      0x080049e0   Number         0  anon$$obj.o(Region$$Table)
    Region$$Table$$Limit                     0x08004a00   Number         0  anon$$obj.o(Region$$Table)
    second                                   0x20000000   Data           1  main.o(.data)
    minute                                   0x20000001   Data           1  main.o(.data)
    hours                                    0x20000002   Data           1  main.o(.data)
    test                                     0x20000004   Data           2  main.o(.data)
    second1                                  0x20000008   Data           4  main.o(.data)
    AH1                                      0x2000000c   Data           4  main.o(.data)
    cur                                      0x20000010   Data           4  main.o(.data)
    vol                                      0x20000014   Data           4  main.o(.data)
    adc_value                                0x20000018   Data           4  main.o(.data)
    current                                  0x20000020   Data           8  main.o(.data)
    voltage                                  0x20000028   Data           8  main.o(.data)
    count                                    0x20000030   Data           1  stm32f1xx_it.o(.data)
    MODE                                     0x20000031   Data           1  stm32f1xx_it.o(.data)
    UP                                       0x20000032   Data           1  stm32f1xx_it.o(.data)
    DOWN                                     0x20000033   Data           1  stm32f1xx_it.o(.data)
    curr                                     0x20000034   Data           4  stm32f1xx_it.o(.data)
    vol_dac                                  0x20000038   Data           4  stm32f1xx_it.o(.data)
    vol_min                                  0x2000003c   Data           4  stm32f1xx_it.o(.data)
    uwTickFreq                               0x20000040   Data           1  stm32f1xx_hal.o(.data)
    uwTickPrio                               0x20000044   Data           4  stm32f1xx_hal.o(.data)
    uwTick                                   0x20000048   Data           4  stm32f1xx_hal.o(.data)
    SystemCoreClock                          0x2000004c   Data           4  system_stm32f1xx.o(.data)
    buffer                                   0x20000050   Data          20  main.o(.bss)
    buffer2                                  0x20000064   Data          10  main.o(.bss)
    buffer3                                  0x2000006e   Data          10  main.o(.bss)
    hdac                                     0x20000078   Data          20  dac.o(.bss)
    hi2c2                                    0x2000008c   Data          84  i2c.o(.bss)
    htim1                                    0x200000e0   Data          64  tim.o(.bss)
    htim2                                    0x20000120   Data          64  tim.o(.bss)
    htim4                                    0x20000160   Data          64  tim.o(.bss)
    __initial_sp                             0x200005a0   Data           0  startup_stm32f103xe.o(STACK)



==============================================================================

Memory Map of the image

  Image Entry point : 0x08000131

  Load Region LR_IROM1 (Base: 0x08000000, Size: 0x00004a50, Max: 0x00040000, ABSOLUTE)

    Execution Region ER_IROM1 (Exec base: 0x08000000, Load base: 0x08000000, Size: 0x00004a00, Max: 0x00040000, ABSOLUTE)

    Exec Addr    Load Addr    Size         Type   Attr      Idx    E Section Name        Object

    0x08000000   0x08000000   0x00000130   Data   RO            3    RESET               startup_stm32f103xe.o
    0x08000130   0x08000130   0x00000000   Code   RO         3164  * .ARM.Collect$$$$00000000  mc_w.l(entry.o)
    0x08000130   0x08000130   0x00000004   Code   RO         3456    .ARM.Collect$$$$00000001  mc_w.l(entry2.o)
    0x08000134   0x08000134   0x00000004   Code   RO         3459    .ARM.Collect$$$$00000004  mc_w.l(entry5.o)
    0x08000138   0x08000138   0x00000000   Code   RO         3461    .ARM.Collect$$$$00000008  mc_w.l(entry7b.o)
    0x08000138   0x08000138   0x00000000   Code   RO         3463    .ARM.Collect$$$$0000000A  mc_w.l(entry8b.o)
    0x08000138   0x08000138   0x00000008   Code   RO         3464    .ARM.Collect$$$$0000000B  mc_w.l(entry9a.o)
    0x08000140   0x08000140   0x00000000   Code   RO         3466    .ARM.Collect$$$$0000000D  mc_w.l(entry10a.o)
    0x08000140   0x08000140   0x00000000   Code   RO         3468    .ARM.Collect$$$$0000000F  mc_w.l(entry11a.o)
    0x08000140   0x08000140   0x00000004   Code   RO         3457    .ARM.Collect$$$$00002712  mc_w.l(entry2.o)
    0x08000144   0x08000144   0x00000024   Code   RO            4    .text               startup_stm32f103xe.o
    0x08000168   0x08000168   0x00000020   Code   RO         3167    .text               mc_w.l(llushr.o)
    0x08000188   0x08000188   0x00000024   Code   RO         3169    .text               mc_w.l(memseta.o)
    0x080001ac   0x080001ac   0x000000b0   Code   RO         3432    .text               mf_w.l(fadd.o)
    0x0800025c   0x0800025c   0x0000007c   Code   RO         3434    .text               mf_w.l(fdiv.o)
    0x080002d8   0x080002d8   0x00000018   Code   RO         3436    .text               mf_w.l(fscalb.o)
    0x080002f0   0x080002f0   0x0000014e   Code   RO         3438    .text               mf_w.l(dadd.o)
    0x0800043e   0x0800043e   0x000000e4   Code   RO         3440    .text               mf_w.l(dmul.o)
    0x08000522   0x08000522   0x000000de   Code   RO         3442    .text               mf_w.l(ddiv.o)
    0x08000600   0x08000600   0x0000000a   Code   RO         3444    .text               mf_w.l(ffltui.o)
    0x0800060a   0x0800060a   0x0000001a   Code   RO         3446    .text               mf_w.l(dfltui.o)
    0x08000624   0x08000624   0x00000028   Code   RO         3448    .text               mf_w.l(ffixui.o)
    0x0800064c   0x0800064c   0x00000026   Code   RO         3450    .text               mf_w.l(f2d.o)
    0x08000672   0x08000672   0x00000002   PAD
    0x08000674   0x08000674   0x00000030   Code   RO         3452    .text               mf_w.l(cdcmple.o)
    0x080006a4   0x080006a4   0x00000038   Code   RO         3454    .text               mf_w.l(d2f.o)
    0x080006dc   0x080006dc   0x0000002c   Code   RO         3473    .text               mc_w.l(uidiv.o)
    0x08000708   0x08000708   0x00000062   Code   RO         3475    .text               mc_w.l(uldiv.o)
    0x0800076a   0x0800076a   0x0000001e   Code   RO         3477    .text               mc_w.l(llshl.o)
    0x08000788   0x08000788   0x00000024   Code   RO         3479    .text               mc_w.l(llsshr.o)
    0x080007ac   0x080007ac   0x00000000   Code   RO         3481    .text               mc_w.l(iusefp.o)
    0x080007ac   0x080007ac   0x0000006e   Code   RO         3482    .text               mf_w.l(fepilogue.o)
    0x0800081a   0x0800081a   0x000000ba   Code   RO         3484    .text               mf_w.l(depilogue.o)
    0x080008d4   0x080008d4   0x00000030   Code   RO         3486    .text               mf_w.l(dfixul.o)
    0x08000904   0x08000904   0x00000030   Code   RO         3488    .text               mf_w.l(cdrcmple.o)
    0x08000934   0x08000934   0x00000024   Code   RO         3490    .text               mc_w.l(init.o)
    0x08000958   0x08000958   0x00000002   Code   RO          593    i.BusFault_Handler  stm32f1xx_it.o
    0x0800095a   0x0800095a   0x00000002   PAD
    0x0800095c   0x0800095c   0x0000005c   Code   RO          200    i.DS18B20_Read1     ds18b20.o
    0x080009b8   0x080009b8   0x0000004c   Code   RO          201    i.DS18B20_Start1    ds18b20.o
    0x08000a04   0x08000a04   0x00000070   Code   RO          202    i.DS18B20_Write1    ds18b20.o
    0x08000a74   0x08000a74   0x00000002   Code   RO          594    i.DebugMon_Handler  stm32f1xx_it.o
    0x08000a76   0x08000a76   0x00000002   PAD
    0x08000a78   0x08000a78   0x0000009c   Code   RO          595    i.EXTI15_10_IRQHandler  stm32f1xx_it.o
    0x08000b14   0x08000b14   0x00000060   Code   RO          596    i.EXTI9_5_IRQHandler  stm32f1xx_it.o
    0x08000b74   0x08000b74   0x00000002   Code   RO          349    i.Error_Handler     main.o
    0x08000b76   0x08000b76   0x00000042   Code   RO          769    i.HAL_DAC_ConfigChannel  stm32f1xx_hal_dac.o
    0x08000bb8   0x08000bb8   0x00000028   Code   RO          777    i.HAL_DAC_Init      stm32f1xx_hal_dac.o
    0x08000be0   0x08000be0   0x00000058   Code   RO          453    i.HAL_DAC_MspInit   dac.o
    0x08000c38   0x08000c38   0x0000001a   Code   RO          780    i.HAL_DAC_SetValue  stm32f1xx_hal_dac.o
    0x08000c52   0x08000c52   0x00000054   Code   RO          781    i.HAL_DAC_Start     stm32f1xx_hal_dac.o
    0x08000ca6   0x08000ca6   0x00000016   Code   RO          783    i.HAL_DAC_Stop      stm32f1xx_hal_dac.o
    0x08000cbc   0x08000cbc   0x00000130   Code   RO         2606    i.HAL_DMA_Abort_IT  stm32f1xx_hal_dma.o
    0x08000dec   0x08000dec   0x00000024   Code   RO         2245    i.HAL_Delay         stm32f1xx_hal.o
    0x08000e10   0x08000e10   0x00000002   Code   RO         2539    i.HAL_GPIO_EXTI_Callback  stm32f1xx_hal_gpio.o
    0x08000e12   0x08000e12   0x00000002   PAD
    0x08000e14   0x08000e14   0x00000018   Code   RO         2540    i.HAL_GPIO_EXTI_IRQHandler  stm32f1xx_hal_gpio.o
    0x08000e2c   0x08000e2c   0x000001ec   Code   RO         2541    i.HAL_GPIO_Init     stm32f1xx_hal_gpio.o
    0x08001018   0x08001018   0x0000000a   Code   RO         2543    i.HAL_GPIO_ReadPin  stm32f1xx_hal_gpio.o
    0x08001022   0x08001022   0x0000000a   Code   RO         2545    i.HAL_GPIO_WritePin  stm32f1xx_hal_gpio.o
    0x0800102c   0x0800102c   0x0000000c   Code   RO         2249    i.HAL_GetTick       stm32f1xx_hal.o
    0x08001038   0x08001038   0x00000002   Code   RO          976    i.HAL_I2C_AbortCpltCallback  stm32f1xx_hal_i2c.o
    0x0800103a   0x0800103a   0x00000002   Code   RO          977    i.HAL_I2C_AddrCallback  stm32f1xx_hal_i2c.o
    0x0800103c   0x0800103c   0x000001f0   Code   RO          981    i.HAL_I2C_EV_IRQHandler  stm32f1xx_hal_i2c.o
    0x0800122c   0x0800122c   0x00000002   Code   RO          983    i.HAL_I2C_ErrorCallback  stm32f1xx_hal_i2c.o
    0x0800122e   0x0800122e   0x00000002   PAD
    0x08001230   0x08001230   0x00000140   Code   RO          987    i.HAL_I2C_Init      stm32f1xx_hal_i2c.o
    0x08001370   0x08001370   0x00000002   Code   RO          989    i.HAL_I2C_ListenCpltCallback  stm32f1xx_hal_i2c.o
    0x08001372   0x08001372   0x00000002   Code   RO          990    i.HAL_I2C_MasterRxCpltCallback  stm32f1xx_hal_i2c.o
    0x08001374   0x08001374   0x00000002   Code   RO          991    i.HAL_I2C_MasterTxCpltCallback  stm32f1xx_hal_i2c.o
    0x08001376   0x08001376   0x00000002   PAD
    0x08001378   0x08001378   0x00000210   Code   RO          993    i.HAL_I2C_Master_Receive  stm32f1xx_hal_i2c.o
    0x08001588   0x08001588   0x00000138   Code   RO          998    i.HAL_I2C_Master_Transmit  stm32f1xx_hal_i2c.o
    0x080016c0   0x080016c0   0x00000002   Code   RO         1001    i.HAL_I2C_MemRxCpltCallback  stm32f1xx_hal_i2c.o
    0x080016c2   0x080016c2   0x00000002   Code   RO         1002    i.HAL_I2C_MemTxCpltCallback  stm32f1xx_hal_i2c.o
    0x080016c4   0x080016c4   0x0000021c   Code   RO         1003    i.HAL_I2C_Mem_Read  stm32f1xx_hal_i2c.o
    0x080018e0   0x080018e0   0x00000070   Code   RO          495    i.HAL_I2C_MspInit   i2c.o
    0x08001950   0x08001950   0x00000002   Code   RO         1011    i.HAL_I2C_SlaveRxCpltCallback  stm32f1xx_hal_i2c.o
    0x08001952   0x08001952   0x00000002   Code   RO         1012    i.HAL_I2C_SlaveTxCpltCallback  stm32f1xx_hal_i2c.o
    0x08001954   0x08001954   0x00000010   Code   RO         2253    i.HAL_IncTick       stm32f1xx_hal.o
    0x08001964   0x08001964   0x00000024   Code   RO         2254    i.HAL_Init          stm32f1xx_hal.o
    0x08001988   0x08001988   0x00000040   Code   RO         2255    i.HAL_InitTick      stm32f1xx_hal.o
    0x080019c8   0x080019c8   0x0000003c   Code   RO          706    i.HAL_MspInit       stm32f1xx_hal_msp.o
    0x08001a04   0x08001a04   0x00000016   Code   RO         2701    i.HAL_NVIC_EnableIRQ  stm32f1xx_hal_cortex.o
    0x08001a1a   0x08001a1a   0x00000002   PAD
    0x08001a1c   0x08001a1c   0x00000040   Code   RO         2707    i.HAL_NVIC_SetPriority  stm32f1xx_hal_cortex.o
    0x08001a5c   0x08001a5c   0x00000024   Code   RO         2708    i.HAL_NVIC_SetPriorityGrouping  stm32f1xx_hal_cortex.o
    0x08001a80   0x08001a80   0x000000e8   Code   RO         2504    i.HAL_RCCEx_PeriphCLKConfig  stm32f1xx_hal_rcc_ex.o
    0x08001b68   0x08001b68   0x00000168   Code   RO         2401    i.HAL_RCC_ClockConfig  stm32f1xx_hal_rcc.o
    0x08001cd0   0x08001cd0   0x00000020   Code   RO         2408    i.HAL_RCC_GetPCLK1Freq  stm32f1xx_hal_rcc.o
    0x08001cf0   0x08001cf0   0x0000006c   Code   RO         2410    i.HAL_RCC_GetSysClockFreq  stm32f1xx_hal_rcc.o
    0x08001d5c   0x08001d5c   0x000002f8   Code   RO         2413    i.HAL_RCC_OscConfig  stm32f1xx_hal_rcc.o
    0x08002054   0x08002054   0x00000028   Code   RO         2712    i.HAL_SYSTICK_Config  stm32f1xx_hal_cortex.o
    0x0800207c   0x0800207c   0x00000002   Code   RO         2005    i.HAL_TIMEx_BreakCallback  stm32f1xx_hal_tim_ex.o
    0x0800207e   0x0800207e   0x00000002   Code   RO         2006    i.HAL_TIMEx_CommutationCallback  stm32f1xx_hal_tim_ex.o
    0x08002080   0x08002080   0x00000050   Code   RO         2022    i.HAL_TIMEx_MasterConfigSynchronization  stm32f1xx_hal_tim_ex.o
    0x080020d0   0x080020d0   0x00000036   Code   RO         1376    i.HAL_TIM_Base_Init  stm32f1xx_hal_tim.o
    0x08002106   0x08002106   0x00000002   PAD
    0x08002108   0x08002108   0x00000078   Code   RO          534    i.HAL_TIM_Base_MspInit  tim.o
    0x08002180   0x08002180   0x0000001a   Code   RO         1379    i.HAL_TIM_Base_Start  stm32f1xx_hal_tim.o
    0x0800219a   0x0800219a   0x00000018   Code   RO         1381    i.HAL_TIM_Base_Start_IT  stm32f1xx_hal_tim.o
    0x080021b2   0x080021b2   0x000000f0   Code   RO         1385    i.HAL_TIM_ConfigClockSource  stm32f1xx_hal_tim.o
    0x080022a2   0x080022a2   0x00000002   Code   RO         1405    i.HAL_TIM_IC_CaptureCallback  stm32f1xx_hal_tim.o
    0x080022a4   0x080022a4   0x00000166   Code   RO         1418    i.HAL_TIM_IRQHandler  stm32f1xx_hal_tim.o
    0x0800240a   0x0800240a   0x00000002   PAD
    0x0800240c   0x0800240c   0x0000004c   Code   RO          535    i.HAL_TIM_MspPostInit  tim.o
    0x08002458   0x08002458   0x00000002   Code   RO         1421    i.HAL_TIM_OC_DelayElapsedCallback  stm32f1xx_hal_tim.o
    0x0800245a   0x0800245a   0x000000d0   Code   RO         1442    i.HAL_TIM_PWM_ConfigChannel  stm32f1xx_hal_tim.o
    0x0800252a   0x0800252a   0x00000036   Code   RO         1445    i.HAL_TIM_PWM_Init  stm32f1xx_hal_tim.o
    0x08002560   0x08002560   0x00000002   Code   RO         1447    i.HAL_TIM_PWM_MspInit  stm32f1xx_hal_tim.o
    0x08002562   0x08002562   0x00000002   Code   RO         1448    i.HAL_TIM_PWM_PulseFinishedCallback  stm32f1xx_hal_tim.o
    0x08002564   0x08002564   0x00000038   Code   RO         1449    i.HAL_TIM_PWM_Start  stm32f1xx_hal_tim.o
    0x0800259c   0x0800259c   0x00000048   Code   RO          350    i.HAL_TIM_PeriodElapsedCallback  main.o
    0x080025e4   0x080025e4   0x00000002   Code   RO         1459    i.HAL_TIM_TriggerCallback  stm32f1xx_hal_tim.o
    0x080025e6   0x080025e6   0x00000002   Code   RO          597    i.HardFault_Handler  stm32f1xx_it.o
    0x080025e8   0x080025e8   0x0000000c   Code   RO          598    i.I2C2_EV_IRQHandler  stm32f1xx_it.o
    0x080025f4   0x080025f4   0x0000004e   Code   RO         1021    i.I2C_DMAAbort      stm32f1xx_hal_i2c.o
    0x08002642   0x08002642   0x00000002   PAD
    0x08002644   0x08002644   0x00000124   Code   RO         1024    i.I2C_ITError       stm32f1xx_hal_i2c.o
    0x08002768   0x08002768   0x00000028   Code   RO         1025    i.I2C_IsAcknowledgeFailed  stm32f1xx_hal_i2c.o
    0x08002790   0x08002790   0x000000c8   Code   RO         1026    i.I2C_MasterReceive_BTF  stm32f1xx_hal_i2c.o
    0x08002858   0x08002858   0x000000ae   Code   RO         1027    i.I2C_MasterReceive_RXNE  stm32f1xx_hal_i2c.o
    0x08002906   0x08002906   0x000000de   Code   RO         1028    i.I2C_MasterRequestRead  stm32f1xx_hal_i2c.o
    0x080029e4   0x080029e4   0x00000094   Code   RO         1029    i.I2C_MasterRequestWrite  stm32f1xx_hal_i2c.o
    0x08002a78   0x08002a78   0x00000080   Code   RO         1030    i.I2C_MasterTransmit_BTF  stm32f1xx_hal_i2c.o
    0x08002af8   0x08002af8   0x00000106   Code   RO         1031    i.I2C_MasterTransmit_TXE  stm32f1xx_hal_i2c.o
    0x08002bfe   0x08002bfe   0x0000011a   Code   RO         1032    i.I2C_Master_ADDR   stm32f1xx_hal_i2c.o
    0x08002d18   0x08002d18   0x0000005a   Code   RO         1033    i.I2C_Master_SB     stm32f1xx_hal_i2c.o
    0x08002d72   0x08002d72   0x000000f0   Code   RO         1034    i.I2C_RequestMemoryRead  stm32f1xx_hal_i2c.o
    0x08002e62   0x08002e62   0x00000002   PAD
    0x08002e64   0x08002e64   0x000000dc   Code   RO         1037    i.I2C_Slave_STOPF   stm32f1xx_hal_i2c.o
    0x08002f40   0x08002f40   0x0000004e   Code   RO         1038    i.I2C_WaitOnBTFFlagUntilTimeout  stm32f1xx_hal_i2c.o
    0x08002f8e   0x08002f8e   0x00000060   Code   RO         1039    i.I2C_WaitOnFlagUntilTimeout  stm32f1xx_hal_i2c.o
    0x08002fee   0x08002fee   0x00000086   Code   RO         1040    i.I2C_WaitOnMasterAddressFlagUntilTimeout  stm32f1xx_hal_i2c.o
    0x08003074   0x08003074   0x00000064   Code   RO         1041    i.I2C_WaitOnRXNEFlagUntilTimeout  stm32f1xx_hal_i2c.o
    0x080030d8   0x080030d8   0x0000004e   Code   RO         1042    i.I2C_WaitOnTXEFlagUntilTimeout  stm32f1xx_hal_i2c.o
    0x08003126   0x08003126   0x0000002e   Code   RO          284    i.INA288_init       ina288.o
    0x08003154   0x08003154   0x0000002c   Code   RO          285    i.INA288_read_16    ina288.o
    0x08003180   0x08003180   0x00000040   Code   RO          286    i.INA288_read_24    ina288.o
    0x080031c0   0x080031c0   0x00000028   Code   RO          288    i.INA288_write_16   ina288.o
    0x080031e8   0x080031e8   0x00000006   Code   RO           13    i.LCD_Clear         text_lcd.o
    0x080031ee   0x080031ee   0x00000002   PAD
    0x080031f0   0x080031f0   0x0000002c   Code   RO           14    i.LCD_Enable        text_lcd.o
    0x0800321c   0x0800321c   0x00000020   Code   RO           15    i.LCD_Gotoxy        text_lcd.o
    0x0800323c   0x0800323c   0x00000050   Code   RO           16    i.LCD_Init          text_lcd.o
    0x0800328c   0x0800328c   0x00000028   Code   RO           17    i.LCD_PutChar       text_lcd.o
    0x080032b4   0x080032b4   0x00000014   Code   RO           18    i.LCD_Puts          text_lcd.o
    0x080032c8   0x080032c8   0x00000044   Code   RO           19    i.LCD_Send4Bit      text_lcd.o
    0x0800330c   0x0800330c   0x0000001c   Code   RO           20    i.LCD_SendCommand   text_lcd.o
    0x08003328   0x08003328   0x0000003c   Code   RO          454    i.MX_DAC_Init       dac.o
    0x08003364   0x08003364   0x0000015c   Code   RO          428    i.MX_GPIO_Init      gpio.o
    0x080034c0   0x080034c0   0x00000040   Code   RO          496    i.MX_I2C2_Init      i2c.o
    0x08003500   0x08003500   0x00000068   Code   RO          536    i.MX_TIM1_Init      tim.o
    0x08003568   0x08003568   0x00000068   Code   RO          537    i.MX_TIM2_Init      tim.o
    0x080035d0   0x080035d0   0x0000009c   Code   RO          538    i.MX_TIM4_Init      tim.o
    0x0800366c   0x0800366c   0x00000002   Code   RO          599    i.MemManage_Handler  stm32f1xx_it.o
    0x0800366e   0x0800366e   0x00000002   Code   RO          600    i.NMI_Handler       stm32f1xx_it.o
    0x08003670   0x08003670   0x00000020   Code   RO         2714    i.NVIC_SetPriority  stm32f1xx_hal_cortex.o
    0x08003690   0x08003690   0x00000002   Code   RO          601    i.PendSV_Handler    stm32f1xx_it.o
    0x08003692   0x08003692   0x00000002   Code   RO          602    i.SVC_Handler       stm32f1xx_it.o
    0x08003694   0x08003694   0x00000016   Code   RO          203    i.Set_Pin_Input     ds18b20.o
    0x080036aa   0x080036aa   0x00000018   Code   RO          204    i.Set_Pin_Output    ds18b20.o
    0x080036c2   0x080036c2   0x00000004   Code   RO          603    i.SysTick_Handler   stm32f1xx_it.o
    0x080036c6   0x080036c6   0x00000068   Code   RO          351    i.SystemClock_Config  main.o
    0x0800372e   0x0800372e   0x00000002   PAD
    0x08003730   0x08003730   0x00000048   Code   RO         3130    i.SystemInit        system_stm32f1xx.o
    0x08003778   0x08003778   0x0000000c   Code   RO          604    i.TIM2_IRQHandler   stm32f1xx_it.o
    0x08003784   0x08003784   0x0000000c   Code   RO          605    i.TIM4_IRQHandler   stm32f1xx_it.o
    0x08003790   0x08003790   0x0000008c   Code   RO         1460    i.TIM_Base_SetConfig  stm32f1xx_hal_tim.o
    0x0800381c   0x0800381c   0x00000016   Code   RO         1461    i.TIM_CCxChannelCmd  stm32f1xx_hal_tim.o
    0x08003832   0x08003832   0x00000014   Code   RO         1467    i.TIM_ETR_SetConfig  stm32f1xx_hal_tim.o
    0x08003846   0x08003846   0x00000010   Code   RO         1468    i.TIM_ITRx_SetConfig  stm32f1xx_hal_tim.o
    0x08003856   0x08003856   0x00000002   PAD
    0x08003858   0x08003858   0x00000060   Code   RO         1469    i.TIM_OC1_SetConfig  stm32f1xx_hal_tim.o
    0x080038b8   0x080038b8   0x0000006c   Code   RO         1470    i.TIM_OC2_SetConfig  stm32f1xx_hal_tim.o
    0x08003924   0x08003924   0x00000068   Code   RO         1471    i.TIM_OC3_SetConfig  stm32f1xx_hal_tim.o
    0x0800398c   0x0800398c   0x00000050   Code   RO         1472    i.TIM_OC4_SetConfig  stm32f1xx_hal_tim.o
    0x080039dc   0x080039dc   0x00000022   Code   RO         1474    i.TIM_TI1_ConfigInputStage  stm32f1xx_hal_tim.o
    0x080039fe   0x080039fe   0x00000024   Code   RO         1476    i.TIM_TI2_ConfigInputStage  stm32f1xx_hal_tim.o
    0x08003a22   0x08003a22   0x00000002   Code   RO          606    i.UsageFault_Handler  stm32f1xx_it.o
    0x08003a24   0x08003a24   0x00000028   Code   RO         3406    i.__0sprintf        mc_w.l(printfa.o)
    0x08003a4c   0x08003a4c   0x0000000e   Code   RO         3496    i.__scatterload_copy  mc_w.l(handlers.o)
    0x08003a5a   0x08003a5a   0x00000002   Code   RO         3497    i.__scatterload_null  mc_w.l(handlers.o)
    0x08003a5c   0x08003a5c   0x0000000e   Code   RO         3498    i.__scatterload_zeroinit  mc_w.l(handlers.o)
    0x08003a6a   0x08003a6a   0x00000002   PAD
    0x08003a6c   0x08003a6c   0x00000184   Code   RO         3411    i._fp_digits        mc_w.l(printfa.o)
    0x08003bf0   0x08003bf0   0x000006dc   Code   RO         3412    i._printf_core      mc_w.l(printfa.o)
    0x080042cc   0x080042cc   0x00000024   Code   RO         3413    i._printf_post_padding  mc_w.l(printfa.o)
    0x080042f0   0x080042f0   0x0000002e   Code   RO         3414    i._printf_pre_padding  mc_w.l(printfa.o)
    0x0800431e   0x0800431e   0x0000000a   Code   RO         3416    i._sputc            mc_w.l(printfa.o)
    0x08004328   0x08004328   0x00000044   Code   RO          256    i.control_fan       fan.o
    0x0800436c   0x0800436c   0x00000018   Code   RO          169    i.delay_us          delay_us.o
    0x08004384   0x08004384   0x0000003c   Code   RO          352    i.lcd_home          main.o
    0x080043c0   0x080043c0   0x0000059c   Code   RO          353    i.main              main.o
    0x0800495c   0x0800495c   0x0000006c   Code   RO          205    i.read_temp         ds18b20.o
    0x080049c8   0x080049c8   0x00000010   Data   RO         3131    .constdata          system_stm32f1xx.o
    0x080049d8   0x080049d8   0x00000008   Data   RO         3132    .constdata          system_stm32f1xx.o
    0x080049e0   0x080049e0   0x00000020   Data   RO         3494    Region$$Table       anon$$obj.o


    Execution Region RW_IRAM1 (Exec base: 0x20000000, Load base: 0x08004a00, Size: 0x000005a0, Max: 0x0000c000, ABSOLUTE)

    Exec Addr    Load Addr    Size         Type   Attr      Idx    E Section Name        Object

    0x20000000   0x08004a00   0x00000030   Data   RW          357    .data               main.o
    0x20000030   0x08004a30   0x00000001   Data   RW          607    .data               stm32f1xx_it.o
    0x20000031   0x08004a31   0x00000003   Data   RW          608    .data               stm32f1xx_it.o
    0x20000034   0x08004a34   0x00000004   Data   RW          610    .data               stm32f1xx_it.o
    0x20000038   0x08004a38   0x00000004   Data   RW          611    .data               stm32f1xx_it.o
    0x2000003c   0x08004a3c   0x00000004   Data   RW          612    .data               stm32f1xx_it.o
    0x20000040   0x08004a40   0x0000000c   Data   RW         2261    .data               stm32f1xx_hal.o
    0x2000004c   0x08004a4c   0x00000004   Data   RW         3133    .data               system_stm32f1xx.o
    0x20000050        -       0x00000028   Zero   RW          354    .bss                main.o
    0x20000078        -       0x00000014   Zero   RW          455    .bss                dac.o
    0x2000008c        -       0x00000054   Zero   RW          497    .bss                i2c.o
    0x200000e0        -       0x000000c0   Zero   RW          539    .bss                tim.o
    0x200001a0        -       0x00000400   Zero   RW            1    STACK               startup_stm32f103xe.o


==============================================================================

Image component sizes


      Code (inc. data)   RO Data    RW Data    ZI Data      Debug   Object Name

       148         22          0          0         20       1487   dac.o
        24          6          0          0          0        419   delay_us.o
       434         14          0          0          0       3661   ds18b20.o
        68          6          0          0          0        542   fan.o
       348         24          0          0          0        979   gpio.o
       176         28          0          0         84       1509   i2c.o
       194         12          0          0          0       2484   ina288.o
      1674        360          0         48         40       4890   main.o
        36          8        304          0       1024        780   startup_stm32f103xe.o
       164         28          0         12          0       6341   stm32f1xx_hal.o
       194         14          0          0          0      25591   stm32f1xx_hal_cortex.o
       238          0          0          0          0       3781   stm32f1xx_hal_dac.o
       304          8          0          0          0       1123   stm32f1xx_hal_dma.o
       538         48          0          0          0       4515   stm32f1xx_hal_gpio.o
      5078         88          0          0          0      29183   stm32f1xx_hal_i2c.o
        60          8          0          0          0        806   stm32f1xx_hal_msp.o
      1260         84          0          0          0       4685   stm32f1xx_hal_rcc.o
       232         12          0          0          0       1400   stm32f1xx_hal_rcc_ex.o
      1686         64          0          0          0      16329   stm32f1xx_hal_tim.o
        84          0          0          0          0       2294   stm32f1xx_hal_tim_ex.o
       308         54          0         16          0       6286   stm32f1xx_it.o
        72         16         24          4          0       1091   system_stm32f1xx.o
       318         22          0          0          0     480271   text_lcd.o
       560         44          0          0        192       3470   tim.o

    ----------------------------------------------------------------------
     14224        970        360         80       1360     603917   Object Totals
         0          0         32          0          0          0   (incl. Generated)
        26          0          0          0          0          0   (incl. Padding)

    ----------------------------------------------------------------------

      Code (inc. data)   RO Data    RW Data    ZI Data      Debug   Library Member Name

         0          0          0          0          0          0   entry.o
         0          0          0          0          0          0   entry10a.o
         0          0          0          0          0          0   entry11a.o
         8          4          0          0          0          0   entry2.o
         4          0          0          0          0          0   entry5.o
         0          0          0          0          0          0   entry7b.o
         0          0          0          0          0          0   entry8b.o
         8          4          0          0          0          0   entry9a.o
        30          0          0          0          0          0   handlers.o
        36          8          0          0          0         68   init.o
         0          0          0          0          0          0   iusefp.o
        30          0          0          0          0         68   llshl.o
        36          0          0          0          0         68   llsshr.o
        32          0          0          0          0         68   llushr.o
        36          0          0          0          0        108   memseta.o
      2276         86          0          0          0        520   printfa.o
        44          0          0          0          0         80   uidiv.o
        98          0          0          0          0         92   uldiv.o
        48          0          0          0          0         68   cdcmple.o
        48          0          0          0          0         68   cdrcmple.o
        56          0          0          0          0         88   d2f.o
       334          0          0          0          0        148   dadd.o
       222          0          0          0          0        100   ddiv.o
       186          0          0          0          0        176   depilogue.o
        48          0          0          0          0         68   dfixul.o
        26          0          0          0          0         76   dfltui.o
       228          0          0          0          0         96   dmul.o
        38          0          0          0          0         68   f2d.o
       176          0          0          0          0        140   fadd.o
       124          0          0          0          0         88   fdiv.o
       110          0          0          0          0        168   fepilogue.o
        40          0          0          0          0         68   ffixui.o
        10          0          0          0          0         68   ffltui.o
        24          0          0          0          0         68   fscalb.o

    ----------------------------------------------------------------------
      4360        102          0          0          0       2628   Library Totals
         4          0          0          0          0          0   (incl. Padding)

    ----------------------------------------------------------------------

      Code (inc. data)   RO Data    RW Data    ZI Data      Debug   Library Name

      2638        102          0          0          0       1072   mc_w.l
      1718          0          0          0          0       1556   mf_w.l

    ----------------------------------------------------------------------
      4360        102          0          0          0       2628   Library Totals

    ----------------------------------------------------------------------

==============================================================================


      Code (inc. data)   RO Data    RW Data    ZI Data      Debug   

     18584       1072        360         80       1360     598377   Grand Totals
     18584       1072        360         80       1360     598377   ELF Image Totals
     18584       1072        360         80          0          0   ROM Totals

==============================================================================

    Total RO  Size (Code + RO Data)                18944 (  18.50kB)
    Total RW  Size (RW Data + ZI Data)              1440 (   1.41kB)
    Total ROM Size (Code + RO Data + RW Data)      19024 (  18.58kB)

==============================================================================

